Archive member included to satisfy reference by file (symbol)

arch/arm/cpu/armv7m/cpu.o     (--whole-archive)
arch/arm/cpu/armv7m/cache.o   (--whole-archive)
arch/arm/cpu/armv7m/mpu.o     (--whole-archive)
arch/arm/lib/vectors_m.o      (--whole-archive)
arch/arm/lib/crt0.o           (--whole-archive)
arch/arm/lib/setjmp.o         (--whole-archive)
arch/arm/lib/relocate.o       (--whole-archive)
arch/arm/lib/cmd_boot.o       (--whole-archive)
arch/arm/lib/bootm-fdt.o      (--whole-archive)
arch/arm/lib/bootm.o          (--whole-archive)
arch/arm/lib/zimage.o         (--whole-archive)
arch/arm/lib/memset.o         (--whole-archive)
arch/arm/lib/memcpy.o         (--whole-archive)
arch/arm/lib/bdinfo.o         (--whole-archive)
arch/arm/lib/sections.o       (--whole-archive)
arch/arm/lib/stack.o          (--whole-archive)
arch/arm/lib/interrupts_m.o   (--whole-archive)
arch/arm/lib/reset.o          (--whole-archive)
arch/arm/lib/cache.o          (--whole-archive)
arch/arm/lib/psci-dt.o        (--whole-archive)
arch/arm/mach-stm32/soc.o     (--whole-archive)
board/st/stm32h750-art-pi/stm32h750-art-pi.o
                              (--whole-archive)
boot/bootm.o                  (--whole-archive)
boot/bootm_os.o               (--whole-archive)
boot/pxe_utils.o              (--whole-archive)
boot/image.o                  (--whole-archive)
boot/image-board.o            (--whole-archive)
boot/bootdev-uclass.o         (--whole-archive)
boot/bootflow.o               (--whole-archive)
boot/bootmeth-uclass.o        (--whole-archive)
boot/bootstd-uclass.o         (--whole-archive)
boot/bootmeth_extlinux.o      (--whole-archive)
boot/fdt_support.o            (--whole-archive)
boot/image-fdt.o              (--whole-archive)
boot/image-fit.o              (--whole-archive)
boot/vbe.o                    (--whole-archive)
boot/vbe_request.o            (--whole-archive)
boot/vbe_simple.o             (--whole-archive)
boot/vbe_simple_os.o          (--whole-archive)
cmd/boot.o                    (--whole-archive)
cmd/bootm.o                   (--whole-archive)
cmd/help.o                    (--whole-archive)
cmd/panic.o                   (--whole-archive)
cmd/version.o                 (--whole-archive)
cmd/blk_common.o              (--whole-archive)
cmd/bootflow.o                (--whole-archive)
cmd/source.o                  (--whole-archive)
cmd/bdinfo.o                  (--whole-archive)
cmd/blkcache.o                (--whole-archive)
cmd/bootz.o                   (--whole-archive)
cmd/cache.o                   (--whole-archive)
cmd/console.o                 (--whole-archive)
cmd/dm.o                      (--whole-archive)
cmd/echo.o                    (--whole-archive)
cmd/elf.o                     (--whole-archive)
cmd/exit.o                    (--whole-archive)
cmd/ext4.o                    (--whole-archive)
cmd/ext2.o                    (--whole-archive)
cmd/fat.o                     (--whole-archive)
cmd/fdt.o                     (--whole-archive)
cmd/fs.o                      (--whole-archive)
cmd/itest.o                   (--whole-archive)
cmd/load.o                    (--whole-archive)
cmd/mem.o                     (--whole-archive)
cmd/sleep.o                   (--whole-archive)
cmd/mmc.o                     (--whole-archive)
cmd/nvedit.o                  (--whole-archive)
cmd/part.o                    (--whole-archive)
cmd/pinmux.o                  (--whole-archive)
cmd/sysboot.o                 (--whole-archive)
cmd/timer.o                   (--whole-archive)
cmd/test.o                    (--whole-archive)
cmd/ximg.o                    (--whole-archive)
cmd/gpt.o                     (--whole-archive)
common/init/board_init.o      (--whole-archive)
common/main.o                 (--whole-archive)
common/memtop.o               (--whole-archive)
common/exports.o              (--whole-archive)
common/cli_getch.o            (--whole-archive)
common/cli_simple.o           (--whole-archive)
common/cli_readline.o         (--whole-archive)
common/cli_hush.o             (--whole-archive)
common/autoboot.o             (--whole-archive)
common/version.o              (--whole-archive)
common/board_f.o              (--whole-archive)
common/board_r.o              (--whole-archive)
common/board_info.o           (--whole-archive)
common/splash.o               (--whole-archive)
common/menu.o                 (--whole-archive)
common/console.o              (--whole-archive)
common/dlmalloc.o             (--whole-archive)
common/malloc_simple.o        (--whole-archive)
common/event.o                (--whole-archive)
common/hash.o                 (--whole-archive)
common/memsize.o              (--whole-archive)
common/stdio.o                (--whole-archive)
common/cli.o                  (--whole-archive)
common/command.o              (--whole-archive)
common/s_record.o             (--whole-archive)
common/xyzModem.o             (--whole-archive)
disk/part.o                   (--whole-archive)
[...]
Memory Configuration

Name             Origin             Length             Attributes
*default*        0x0000000000000000 0xffffffffffffffff

Linker script and memory map

Address of section .text set to 0x90000000
                0x0000000000000000                . = 0x0
                0x0000000000000000                . = ALIGN (0x4)
                0x0000000090000000                __image_copy_start = ADDR (.text)

.text           0x0000000090000000      0x402
 *(.vectors)
 .vectors       0x0000000090000000      0x3fc arch/arm/lib/vectors_m.o
                0x0000000090000000                _start
 arch/arm/cpu/armv7m/start.o(.text*)
 .text          0x00000000900003fc        0x6 arch/arm/cpu/armv7m/start.o
                0x00000000900003fc                reset
                0x0000000090000400                c_runtime_cpu_setup

.glue_7         0x0000000090000404        0x0
 .glue_7        0x0000000090000404        0x0 linker stubs

.glue_7t        0x0000000090000404        0x0
 .glue_7t       0x0000000090000404        0x0 linker stubs

.vfp11_veneer   0x0000000090000404        0x0
 .vfp11_veneer  0x0000000090000404        0x0 linker stubs

.v4_bx          0x0000000090000404        0x0
 .v4_bx         0x0000000090000404        0x0 linker stubs

.iplt           0x0000000090000404        0x0
 .iplt          0x0000000090000404        0x0 arch/arm/cpu/armv7m/start.o

.efi_runtime    0x0000000090000402        0x0
                0x0000000090000402                __efi_runtime_start = .
 *(.text.efi_runtime*)
 *(.rodata.efi_runtime*)
 *(.data.efi_runtime*)
                0x0000000090000402                __efi_runtime_stop = .

.text_rest      0x0000000090000420    0x298c4
 *(.text*)
 .text.cleanup_before_linux
                0x0000000090000420       0x1a arch/arm/cpu/armv7m/cpu.o
                0x0000000090000420                cleanup_before_linux
 *fill*         0x000000009000043a        0x2 
 .text.reset_cpu
                0x000000009000043c       0x24 arch/arm/cpu/armv7m/cpu.o
                0x000000009000043c                reset_cpu
 .text.get_cline_size
                0x0000000090000460       0x34 arch/arm/cpu/armv7m/cache.o
 .text.action_dcache_all
                0x0000000090000494       0x64 arch/arm/cpu/armv7m/cache.o
 .text.dcache_status
                0x00000000900004f8       0x14 arch/arm/cpu/armv7m/cache.o
                0x00000000900004f8                dcache_status
 .text.dcache_enable
                0x000000009000050c       0x38 arch/arm/cpu/armv7m/cache.o
                0x000000009000050c                dcache_enable
 .text.dcache_disable
                0x0000000090000544       0x38 arch/arm/cpu/armv7m/cache.o
                0x0000000090000544                dcache_disable
 .text.invalidate_dcache_range
                0x000000009000057c       0x3c arch/arm/cpu/armv7m/cache.o
                0x000000009000057c                invalidate_dcache_range
 .text.flush_dcache_range
                0x00000000900005b8       0x3c arch/arm/cpu/armv7m/cache.o
                0x00000000900005b8                flush_dcache_range
 .text.flush_dcache_all
                0x00000000900005f4       0x1c arch/arm/cpu/armv7m/cache.o
                0x00000000900005f4                flush_dcache_all
 .text.invalidate_dcache_all
                0x0000000090000610       0x1c arch/arm/cpu/armv7m/cache.o
                0x0000000090000610                invalidate_dcache_all
 .text.invalidate_icache_all
                0x000000009000062c       0x18 arch/arm/cpu/armv7m/cache.o
                0x000000009000062c                invalidate_icache_all
 .text.icache_status
                0x0000000090000644       0x14 arch/arm/cpu/armv7m/cache.o
                0x0000000090000644                icache_status
 .text.icache_enable
                0x0000000090000658       0x24 arch/arm/cpu/armv7m/cache.o
                0x0000000090000658                icache_enable
 .text.icache_disable
                0x000000009000067c       0x20 arch/arm/cpu/armv7m/cache.o
                0x000000009000067c                icache_disable
 .text.enable_caches
                0x000000009000069c        0xe arch/arm/cpu/armv7m/cache.o
                0x000000009000069c                enable_caches
 *fill*         0x00000000900006aa        0x2 
 .text.disable_mpu
                0x00000000900006ac       0x10 arch/arm/cpu/armv7m/mpu.o
                0x00000000900006ac                disable_mpu
 .text.enable_mpu
                0x00000000900006bc       0x18 arch/arm/cpu/armv7m/mpu.o
                0x00000000900006bc                enable_mpu
 .text.mpu_config
                0x00000000900006d4       0x4c arch/arm/cpu/armv7m/mpu.o
                0x00000000900006d4                mpu_config
 .text          0x0000000090000720       0x1e arch/arm/lib/vectors_m.o
 *fill*         0x000000009000073e        0x2 
 .text          0x0000000090000740       0x80 arch/arm/lib/crt0.o
                0x0000000090000740                _main
 .text.relocate_vectors
                0x00000000900007c0       0x64 arch/arm/lib/relocate.o
                0x00000000900007c0                relocate_vectors
                0x00000000900007cc                relocate_code
 .text.do_go_exec
                0x0000000090000824        0xc arch/arm/lib/cmd_boot.o
                0x0000000090000824                do_go_exec
 .text.arch_fixup_fdt
                0x0000000090000830       0x24 arch/arm/lib/bootm-fdt.o
                0x0000000090000830                arch_fixup_fdt
 .text.board_quiesce_devices
                0x0000000090000854        0x2 arch/arm/lib/bootm.o
                0x0000000090000854                board_quiesce_devices
 *fill*         0x0000000090000856        0x2 
 .text.boot_jump_linux
                0x0000000090000858       0x84 arch/arm/lib/bootm.o
 .text.board_prep_linux
                0x00000000900008dc        0x2 arch/arm/lib/bootm.o
                0x00000000900008dc                board_prep_linux
 *fill*         0x00000000900008de        0x2 
 .text.boot_prep_linux
                0x00000000900008e0       0x38 arch/arm/lib/bootm.o
 .text.do_bootm_linux
                0x0000000090000918       0x44 arch/arm/lib/bootm.o
                0x0000000090000918                do_bootm_linux
 .text.boot_prep_vxworks
                0x000000009000095c       0x34 arch/arm/lib/bootm.o
                0x000000009000095c                boot_prep_vxworks
 .text.boot_jump_vxworks
                0x0000000090000990        0xa arch/arm/lib/bootm.o
                0x0000000090000990                boot_jump_vxworks
 *fill*         0x000000009000099a        0x2 
 .text.bootz_setup
                0x000000009000099c       0x90 arch/arm/lib/zimage.o
                0x000000009000099c                bootz_setup
 *fill*         0x0000000090000a2c       0x14 
 .text          0x0000000090000a40       0xa0 arch/arm/lib/memset.o
                0x0000000090000a40                memset
 .text          0x0000000090000ae0      0x264 arch/arm/lib/memcpy.o
                0x0000000090000ae0                memcpy
 .text.arch_setup_bdinfo
                0x0000000090000d44        0x4 arch/arm/lib/bdinfo.o
                0x0000000090000d44                arch_setup_bdinfo
 .text.arch_print_bdinfo
                0x0000000090000d48       0x54 arch/arm/lib/bdinfo.o
                0x0000000090000d48                arch_print_bdinfo
 .text.arch_reserve_stacks
                0x0000000090000d9c       0x16 arch/arm/lib/stack.o
                0x0000000090000d9c                arch_reserve_stacks
 .text.interrupt_init
                0x0000000090000db2        0x4 arch/arm/lib/interrupts_m.o
                0x0000000090000db2                interrupt_init
 .text.enable_interrupts
                0x0000000090000db6        0x2 arch/arm/lib/interrupts_m.o
                0x0000000090000db6                enable_interrupts
 .text.disable_interrupts
                0x0000000090000db8        0x4 arch/arm/lib/interrupts_m.o
                0x0000000090000db8                disable_interrupts
 .text.dump_regs
                0x0000000090000dbc       0x30 arch/arm/lib/interrupts_m.o
                0x0000000090000dbc                dump_regs
 .text.bad_mode
                0x0000000090000dec        0xc arch/arm/lib/interrupts_m.o
                0x0000000090000dec                bad_mode
 .text.do_hard_fault
                0x0000000090000df8       0x18 arch/arm/lib/interrupts_m.o
                0x0000000090000df8                do_hard_fault
 .text.do_mm_fault
                0x0000000090000e10       0x18 arch/arm/lib/interrupts_m.o
                0x0000000090000e10                do_mm_fault
 .text.do_bus_fault
                0x0000000090000e28       0x18 arch/arm/lib/interrupts_m.o
                0x0000000090000e28                do_bus_fault
 .text.do_usage_fault
                0x0000000090000e40       0x18 arch/arm/lib/interrupts_m.o
                0x0000000090000e40                do_usage_fault
 .text.do_invalid_entry
                0x0000000090000e58       0x18 arch/arm/lib/interrupts_m.o
                0x0000000090000e58                do_invalid_entry
 .text.reset_misc
                0x0000000090000e70        0x2 arch/arm/lib/reset.o
                0x0000000090000e70                reset_misc
 *fill*         0x0000000090000e72        0x2 
 .text.do_reset
                0x0000000090000e74       0x20 arch/arm/lib/reset.o
                0x0000000090000e74                do_reset
 .text.flush_cache
                0x0000000090000e94        0x6 arch/arm/lib/cache.o
                0x0000000090000e94                flush_cache
 .text.arm_reserve_mmu
                0x0000000090000e9a       0x2e arch/arm/lib/cache.o
                0x0000000090000e9a                arm_reserve_mmu
 .text.arch_reserve_mmu
                0x0000000090000ec8        0x4 arch/arm/lib/cache.o
                0x0000000090000ec8                arch_reserve_mmu
 .text.arch_cpu_init
                0x0000000090000ecc       0x38 arch/arm/mach-stm32/soc.o
                0x0000000090000ecc                arch_cpu_init
 .text.dram_init
                0x0000000090000f04       0x20 board/st/stm32h750-art-pi/stm32h750-art-pi.o
                0x0000000090000f04                dram_init
 .text.dram_init_banksize
                0x0000000090000f24        0xa board/st/stm32h750-art-pi/stm32h750-art-pi.o
                0x0000000090000f24                dram_init_banksize
 .text.board_early_init_f
                0x0000000090000f2e        0x4 board/st/stm32h750-art-pi/stm32h750-art-pi.o
                0x0000000090000f2e                board_early_init_f
 .text.board_late_init
                0x0000000090000f32        0x4 board/st/stm32h750-art-pi/stm32h750-art-pi.o
                0x0000000090000f32                board_late_init
 .text.board_init
                0x0000000090000f36        0x4 board/st/stm32h750-art-pi/stm32h750-art-pi.o
                0x0000000090000f36                board_init
 *fill*         0x0000000090000f3a        0x2 
 .text.check_overlap.part.0
                0x0000000090000f3c       0x3c boot/bootm.o
 .text.bootm_find_images
                0x0000000090000f78       0xbc boot/bootm.o
                0x0000000090000f78                bootm_find_images
 .text.bootm_disable_interrupts
                0x0000000090001034        0x4 boot/bootm.o
                0x0000000090001034                bootm_disable_interrupts
 .text.bootm_run_states
                0x0000000090001038      0x5f4 boot/bootm.o
                0x0000000090001038                bootm_run_states
 .text.bootm_run
                0x000000009000162c       0x10 boot/bootm.o
                0x000000009000162c                bootm_run
 .text.bootz_run
                0x000000009000163c       0x10 boot/bootm.o
                0x000000009000163c                bootz_run
 .text.bootm_init
                0x000000009000164c       0x1c boot/bootm.o
                0x000000009000164c                bootm_init
 .text.do_bootm_rtems
                0x0000000090001668       0x2c boot/bootm_os.o
 .text.do_bootm_vxworks
                0x0000000090001694      0x144 boot/bootm_os.o
                0x0000000090001694                do_bootm_vxworks
 .text.do_bootm_elf
                0x00000000900017d8       0x20 boot/bootm_os.o
 .text.copy_args
                0x00000000900017f8       0x34 boot/bootm_os.o
 .text.do_bootm_plan9
                0x000000009000182c       0x64 boot/bootm_os.o
 .text.do_bootm_standalone
                0x0000000090001890       0x2c boot/bootm_os.o
 .text.do_bootm_qnxelf
                0x00000000900018bc       0x58 boot/bootm_os.o
 .text.do_bootm_netbsd
                0x0000000090001914       0xa4 boot/bootm_os.o
 .text.arch_preboot_os
                0x00000000900019b8        0x2 boot/bootm_os.o
                0x00000000900019b8                arch_preboot_os
 .text.board_preboot_os
                0x00000000900019ba        0x2 boot/bootm_os.o
                0x00000000900019ba                board_preboot_os
 .text.boot_selected_os
                0x00000000900019bc       0x30 boot/bootm_os.o
                0x00000000900019bc                boot_selected_os
 .text.bootm_os_get_boot_func
                0x00000000900019ec        0xc boot/bootm_os.o
                0x00000000900019ec                bootm_os_get_boot_func
 .text.eol_or_eof
                0x00000000900019f8       0x12 boot/pxe_utils.o
 *fill*         0x0000000090001a0a        0x2 
 .text.label_print
                0x0000000090001a0c       0x14 boot/pxe_utils.o
 .text.get_relfile
                0x0000000090001a20       0x9c boot/pxe_utils.o
 .text.get_relfile_envaddr
                0x0000000090001abc       0x38 boot/pxe_utils.o
 .text.label_destroy
                0x0000000090001af4       0x44 boot/pxe_utils.o
 .text.get_string
                0x0000000090001b38       0x74 boot/pxe_utils.o
 .text.get_token
                0x0000000090001bac       0x98 boot/pxe_utils.o
 .text.parse_sliteral
                0x0000000090001c44       0x34 boot/pxe_utils.o
 .text.parse_integer
                0x0000000090001c78       0x44 boot/pxe_utils.o
 .text.label_boot
                0x0000000090001cbc      0x560 boot/pxe_utils.o
 .text.get_pxe_file
                0x000000009000221c       0x1a boot/pxe_utils.o
                0x000000009000221c                get_pxe_file
 *fill*         0x0000000090002236        0x2 
 .text.handle_include
                0x0000000090002238       0x68 boot/pxe_utils.o
 .text.parse_pxefile_top
                0x00000000900022a0      0x3b0 boot/pxe_utils.o
 .text.destroy_pxe_menu
                0x0000000090002650       0x38 boot/pxe_utils.o
                0x0000000090002650                destroy_pxe_menu
 .text.parse_pxefile
                0x0000000090002688       0x68 boot/pxe_utils.o
                0x0000000090002688                parse_pxefile
 .text.handle_pxe_menu
                0x00000000900026f0      0x124 boot/pxe_utils.o
                0x00000000900026f0                handle_pxe_menu
 .text.pxe_setup_ctx
                0x0000000090002814       0x7c boot/pxe_utils.o
                0x0000000090002814                pxe_setup_ctx
 .text.pxe_destroy_ctx
                0x0000000090002890        0x6 boot/pxe_utils.o
                0x0000000090002890                pxe_destroy_ctx
 *fill*         0x0000000090002896        0x2 
 .text.pxe_process
                0x0000000090002898       0x34 boot/pxe_utils.o
                0x0000000090002898                pxe_process
 .text.image_check_hcrc
                0x00000000900028cc       0x2a boot/image.o
                0x00000000900028cc                image_check_hcrc
 .text.image_check_dcrc
                0x00000000900028f6       0x22 boot/image.o
                0x00000000900028f6                image_check_dcrc
 .text.image_multi_count
                0x0000000090002918       0x12 boot/image.o
                0x0000000090002918                image_multi_count
 .text.image_multi_getimg
                0x000000009000292a       0x4a boot/image.o
                0x000000009000292a                image_multi_getimg
 .text.get_table_entry
                0x0000000090002974       0x12 boot/image.o
                0x0000000090002974                get_table_entry
 .text.get_table_entry_name
                0x0000000090002986       0x12 boot/image.o
                0x0000000090002986                get_table_entry_name
 .text.genimg_get_os_name
                0x0000000090002998       0x14 boot/image.o
                0x0000000090002998                genimg_get_os_name
 .text.genimg_get_arch_name
                0x00000000900029ac       0x14 boot/image.o
                0x00000000900029ac                genimg_get_arch_name
 .text.genimg_get_type_name
                0x00000000900029c0       0x14 boot/image.o
                0x00000000900029c0                genimg_get_type_name
 .text.image_decomp
                0x00000000900029d4       0xb0 boot/image.o
                0x00000000900029d4                image_decomp
 .text.genimg_get_comp_name
                0x0000000090002a84       0x14 boot/image.o
                0x0000000090002a84                genimg_get_comp_name
 .text.image_print_contents
                0x0000000090002a98      0x114 boot/image.o
                0x0000000090002a98                image_print_contents
 .text.get_table_entry_id
                0x0000000090002bac       0x26 boot/image.o
                0x0000000090002bac                get_table_entry_id
 *fill*         0x0000000090002bd2        0x2 
 .text.genimg_get_os_id
                0x0000000090002bd4       0x14 boot/image.o
                0x0000000090002bd4                genimg_get_os_id
 .text.genimg_get_arch_id
                0x0000000090002be8       0x14 boot/image.o
                0x0000000090002be8                genimg_get_arch_id
 .text.genimg_get_type_id
                0x0000000090002bfc       0x14 boot/image.o
                0x0000000090002bfc                genimg_get_type_id
 .text.genimg_get_comp_id
                0x0000000090002c10       0x14 boot/image.o
                0x0000000090002c10                genimg_get_comp_id
 .text.genimg_get_phase_id
                0x0000000090002c24       0x14 boot/image.o
                0x0000000090002c24                genimg_get_phase_id
 .text.on_loadaddr
                0x0000000090002c38       0x1c boot/image-board.o
 .text.env_get_bootm_low
                0x0000000090002c54       0x20 boot/image-board.o
                0x0000000090002c54                env_get_bootm_low
 .text.env_get_bootm_mapsize
                0x0000000090002c74       0x20 boot/image-board.o
                0x0000000090002c74                env_get_bootm_mapsize
 .text.memmove_wd
                0x0000000090002c94        0xa boot/image-board.o
                0x0000000090002c94                memmove_wd
 *fill*         0x0000000090002c9e        0x2 
 .text.genimg_get_kernel_addr_fit
                0x0000000090002ca0       0x3c boot/image-board.o
                0x0000000090002ca0                genimg_get_kernel_addr_fit
 .text.genimg_get_kernel_addr
                0x0000000090002cdc       0x16 boot/image-board.o
                0x0000000090002cdc                genimg_get_kernel_addr
 *fill*         0x0000000090002cf2        0x2 
 .text.genimg_get_format
                0x0000000090002cf4       0x20 boot/image-board.o
                0x0000000090002cf4                genimg_get_format
 .text.genimg_has_config
                0x0000000090002d14        0xa boot/image-board.o
                0x0000000090002d14                genimg_has_config
 *fill*         0x0000000090002d1e        0x2 
 .text.boot_get_ramdisk
                0x0000000090002d20      0x208 boot/image-board.o
                0x0000000090002d20                boot_get_ramdisk
 .text.boot_ramdisk_high
                0x0000000090002f28       0xac boot/image-board.o
                0x0000000090002f28                boot_ramdisk_high
 .text.boot_get_setup
                0x0000000090002fd4        0x4 boot/image-board.o
                0x0000000090002fd4                boot_get_setup
 .text.boot_get_loadable
                0x0000000090002fd8       0xec boot/image-board.o
                0x0000000090002fd8                boot_get_loadable
 .text.image_setup_linux
                0x00000000900030c4       0x32 boot/image-board.o
                0x00000000900030c4                image_setup_linux
 *fill*         0x00000000900030f6        0x2 
 .text.genimg_print_size
                0x00000000900030f8       0x24 boot/image-board.o
                0x00000000900030f8                genimg_print_size
 .text.image_locate_script
                0x000000009000311c      0x1b0 boot/image-board.o
                0x000000009000311c                image_locate_script
 .text.bootdev_post_bind
                0x00000000900032cc        0xe boot/bootdev-uclass.o
 *fill*         0x00000000900032da        0x2 
 .text.bootdev_hunt_drv
                0x00000000900032dc       0x60 boot/bootdev-uclass.o
 .text.bootdev_get_suffix_start.isra.0
                0x000000009000333c       0x2e boot/bootdev-uclass.o
 .text.bootdev_add_bootflow
                0x000000009000336a       0x50 boot/bootdev-uclass.o
                0x000000009000336a                bootdev_add_bootflow
 *fill*         0x00000000900033ba        0x2 
 .text.bootdev_find_in_blk
                0x00000000900033bc      0x128 boot/bootdev-uclass.o
                0x00000000900033bc                bootdev_find_in_blk
 .text.bootdev_setup_for_sibling_blk
                0x00000000900034e4       0x74 boot/bootdev-uclass.o
                0x00000000900034e4                bootdev_setup_for_sibling_blk
 .text.bootdev_get_sibling_blk
                0x0000000090003558       0x6c boot/bootdev-uclass.o
                0x0000000090003558                bootdev_get_sibling_blk
 .text.bootdev_find_by_label
                0x00000000900035c4      0x100 boot/bootdev-uclass.o
                0x00000000900035c4                bootdev_find_by_label
 .text.bootdev_get_bootflow
                0x00000000900036c4       0x4a boot/bootdev-uclass.o
                0x00000000900036c4                bootdev_get_bootflow
 .text.bootdev_clear_bootflows
                0x000000009000370e       0x16 boot/bootdev-uclass.o
                0x000000009000370e                bootdev_clear_bootflows
 .text.bootdev_pre_unbind
                0x0000000090003724        0xa boot/bootdev-uclass.o
 *fill*         0x000000009000372e        0x2 
 .text.bootdev_hunt
                0x0000000090003730       0xa8 boot/bootdev-uclass.o
                0x0000000090003730                bootdev_hunt
 .text.bootdev_hunt_and_find_by_label
                0x00000000900037d8       0x20 boot/bootdev-uclass.o
                0x00000000900037d8                bootdev_hunt_and_find_by_label
 .text.bootdev_next_label
                0x00000000900037f8       0x74 boot/bootdev-uclass.o
                0x00000000900037f8                bootdev_next_label
 .text.bootdev_hunt_prio
                0x000000009000386c       0x4c boot/bootdev-uclass.o
                0x000000009000386c                bootdev_hunt_prio
 .text.bootdev_next_prio
                0x00000000900038b8       0x6a boot/bootdev-uclass.o
                0x00000000900038b8                bootdev_next_prio
 *fill*         0x0000000090003922        0x2 
 .text.bootdev_setup_iter
                0x0000000090003924      0x108 boot/bootdev-uclass.o
                0x0000000090003924                bootdev_setup_iter
 .text.bootflow_check
                0x0000000090003a2c       0x34 boot/bootflow.o
 .text.bootflow_iter_init
                0x0000000090003a60       0x1c boot/bootflow.o
                0x0000000090003a60                bootflow_iter_init
 .text.bootflow_iter_uninit
                0x0000000090003a7c        0x6 boot/bootflow.o
                0x0000000090003a7c                bootflow_iter_uninit
 .text.bootflow_scan_next
                0x0000000090003a82      0x126 boot/bootflow.o
                0x0000000090003a82                bootflow_scan_next
 .text.bootflow_scan_first
                0x0000000090003ba8       0x8a boot/bootflow.o
                0x0000000090003ba8                bootflow_scan_first
 .text.bootflow_init
                0x0000000090003c32       0x1a boot/bootflow.o
                0x0000000090003c32                bootflow_init
 .text.bootflow_free
                0x0000000090003c4c       0x38 boot/bootflow.o
                0x0000000090003c4c                bootflow_free
 .text.bootflow_remove
                0x0000000090003c84       0x34 boot/bootflow.o
                0x0000000090003c84                bootflow_remove
 .text.bootflow_boot
                0x0000000090003cb8       0x20 boot/bootflow.o
                0x0000000090003cb8                bootflow_boot
 .text.bootflow_run_boot
                0x0000000090003cd8       0x2c boot/bootflow.o
                0x0000000090003cd8                bootflow_run_boot
 .text.bootflow_iter_check_blk
                0x0000000090003d04       0x28 boot/bootflow.o
                0x0000000090003d04                bootflow_iter_check_blk
 .text.bootmeth_check
                0x0000000090003d2c        0xe boot/bootmeth-uclass.o
                0x0000000090003d2c                bootmeth_check
 .text.bootmeth_read_bootflow
                0x0000000090003d3a       0x10 boot/bootmeth-uclass.o
                0x0000000090003d3a                bootmeth_read_bootflow
 .text.bootmeth_boot
                0x0000000090003d4a       0x10 boot/bootmeth-uclass.o
                0x0000000090003d4a                bootmeth_boot
 .text.bootmeth_read_file
                0x0000000090003d5a       0x18 boot/bootmeth-uclass.o
                0x0000000090003d5a                bootmeth_read_file
 .text.bootmeth_get_bootflow
                0x0000000090003d72       0x2a boot/bootmeth-uclass.o
                0x0000000090003d72                bootmeth_get_bootflow
 .text.bootmeth_setup_iter_order
                0x0000000090003d9c       0xc0 boot/bootmeth-uclass.o
                0x0000000090003d9c                bootmeth_setup_iter_order
 .text.bootmeth_setup_fs
                0x0000000090003e5c        0xe boot/bootmeth-uclass.o
                0x0000000090003e5c                bootmeth_setup_fs
 *fill*         0x0000000090003e6a        0x2 
 .text.bootmeth_try_file
                0x0000000090003e6c       0x64 boot/bootmeth-uclass.o
                0x0000000090003e6c                bootmeth_try_file
 .text.bootmeth_alloc_file
                0x0000000090003ed0       0x28 boot/bootmeth-uclass.o
                0x0000000090003ed0                bootmeth_alloc_file
 .text.bootmeth_common_read_file
                0x0000000090003ef8       0x78 boot/bootmeth-uclass.o
                0x0000000090003ef8                bootmeth_common_read_file
 .text.bootstd_of_to_plat
                0x0000000090003f70        0xa boot/bootstd-uclass.o
 .text.bootstd_probe
                0x0000000090003f7a       0x12 boot/bootstd-uclass.o
 .text.bootstd_remove
                0x0000000090003f8c       0x2a boot/bootstd-uclass.o
 *fill*         0x0000000090003fb6        0x2 
 .text.bootstd_get_bootdev_order
                0x0000000090003fb8       0x38 boot/bootstd-uclass.o
                0x0000000090003fb8                bootstd_get_bootdev_order
 .text.bootstd_get_prefixes
                0x0000000090003ff0       0x18 boot/bootstd-uclass.o
                0x0000000090003ff0                bootstd_get_prefixes
 .text.bootstd_get_priv
                0x0000000090004008       0x1e boot/bootstd-uclass.o
                0x0000000090004008                bootstd_get_priv
 .text.bootstd_clear_glob
                0x0000000090004026       0x22 boot/bootstd-uclass.o
                0x0000000090004026                bootstd_clear_glob
 .text.dm_scan_other
                0x0000000090004048       0xac boot/bootstd-uclass.o
                0x0000000090004048                dm_scan_other
 .text.extlinux_get_state_desc
                0x00000000900040f4        0x4 boot/bootmeth_extlinux.o
 .text.extlinux_set_property
                0x00000000900040f8       0x60 boot/bootmeth_extlinux.o
 .text.extlinux_boot
                0x0000000090004158       0x54 boot/bootmeth_extlinux.o
 .text.extlinux_getfile
                0x00000000900041ac       0x2c boot/bootmeth_extlinux.o
 .text.extlinux_bootmeth_bind
                0x00000000900041d8       0x14 boot/bootmeth_extlinux.o
 .text.extlinux_read_bootflow
                0x00000000900041ec       0xd8 boot/bootmeth_extlinux.o
 .text.extlinux_check
                0x00000000900042c4        0x6 boot/bootmeth_extlinux.o
 .text.of_bus_default_map
                0x00000000900042ca       0x7a boot/fdt_support.o
 .text.fdt_pack_reg
                0x0000000090004344       0xb2 boot/fdt_support.o
 .text.of_bus_default_translate
                0x00000000900043f6       0x66 boot/fdt_support.o
 .text.fdt_support_default_count_cells
                0x000000009000445c       0x34 boot/fdt_support.o
                0x000000009000445c                fdt_support_default_count_cells
 .text.__of_translate_address
                0x0000000090004490      0x178 boot/fdt_support.o
 .text.fdt_find_and_setprop
                0x0000000090004608       0x48 boot/fdt_support.o
                0x0000000090004608                fdt_find_and_setprop
 .text.fdt_find_or_add_subnode
                0x0000000090004650       0x40 boot/fdt_support.o
                0x0000000090004650                fdt_find_or_add_subnode
 .text.fdt_root
                0x0000000090004690       0x60 boot/fdt_support.o
                0x0000000090004690                fdt_root
 .text.fdt_initrd
                0x00000000900046f0      0x114 boot/fdt_support.o
                0x00000000900046f0                fdt_initrd
 .text.board_fdt_chosen_bootargs
                0x0000000090004804        0xc boot/fdt_support.o
                0x0000000090004804                board_fdt_chosen_bootargs
 .text.fdt_chosen
                0x0000000090004810       0xa0 boot/fdt_support.o
                0x0000000090004810                fdt_chosen
 .text.do_fixup_by_path
                0x00000000900048b0       0x34 boot/fdt_support.o
                0x00000000900048b0                do_fixup_by_path
 .text.fdt_fixup_memory_banks
                0x00000000900048e4       0xe8 boot/fdt_support.o
                0x00000000900048e4                fdt_fixup_memory_banks
 .text.fdt_fixup_memory
                0x00000000900049cc       0x16 boot/fdt_support.o
                0x00000000900049cc                fdt_fixup_memory
 *fill*         0x00000000900049e2        0x2 
 .text.fdt_fixup_ethernet
                0x00000000900049e4      0x104 boot/fdt_support.o
                0x00000000900049e4                fdt_fixup_ethernet
 .text.fdt_shrink_to_minimum
                0x0000000090004ae8       0x8e boot/fdt_support.o
                0x0000000090004ae8                fdt_shrink_to_minimum
 *fill*         0x0000000090004b76        0x2 
 .text.fdt_translate_address
                0x0000000090004b78        0xc boot/fdt_support.o
                0x0000000090004b78                fdt_translate_address
 .text.fdt_translate_dma_address
                0x0000000090004b84        0xc boot/fdt_support.o
                0x0000000090004b84                fdt_translate_dma_address
 .text.fdt_get_dma_range
                0x0000000090004b90      0x120 boot/fdt_support.o
                0x0000000090004b90                fdt_get_dma_range
 .text.fdt_overlay_apply_verbose
                0x0000000090004cb0       0x4c boot/fdt_support.o
                0x0000000090004cb0                fdt_overlay_apply_verbose
 .text.fdt_valid
                0x0000000090004cfc       0x74 boot/fdt_support.o
                0x0000000090004cfc                fdt_valid
 .text.fdt_error
                0x0000000090004d70       0x24 boot/image-fdt.o
 .text.boot_fdt_reserve_region
                0x0000000090004d94       0x40 boot/image-fdt.o
 .text.boot_fdt_add_mem_rsv_regions
                0x0000000090004dd4       0xc8 boot/image-fdt.o
                0x0000000090004dd4                boot_fdt_add_mem_rsv_regions
 .text.boot_relocate_fdt
                0x0000000090004e9c      0x154 boot/image-fdt.o
                0x0000000090004e9c                boot_relocate_fdt
 .text.boot_get_fdt
                0x0000000090004ff0      0x234 boot/image-fdt.o
                0x0000000090004ff0                boot_get_fdt
 .text.ft_verify_fdt
                0x0000000090005224        0x4 boot/image-fdt.o
                0x0000000090005224                ft_verify_fdt
 .text.image_setup_libfdt
                0x0000000090005228       0xf4 boot/image-fdt.o
                0x0000000090005228                image_setup_libfdt
 .text.fit_image_get_address
                0x000000009000531c       0x48 boot/image-fit.o
 .text.fit_parse_conf
                0x0000000090005364       0x38 boot/image-fit.o
                0x0000000090005364                fit_parse_conf
 .text.fit_parse_subimage
                0x000000009000539c       0x38 boot/image-fit.o
                0x000000009000539c                fit_parse_subimage
 .text.fit_get_desc
                0x00000000900053d4       0x20 boot/image-fit.o
                0x00000000900053d4                fit_get_desc
 .text.fit_image_get_node
                0x00000000900053f4       0x24 boot/image-fit.o
                0x00000000900053f4                fit_image_get_node
 .text.fit_image_get_os
                0x0000000090005418       0x28 boot/image-fit.o
                0x0000000090005418                fit_image_get_os
 .text.fit_image_get_arch
                0x0000000090005440       0x28 boot/image-fit.o
                0x0000000090005440                fit_image_get_arch
 .text.fit_image_get_type
                0x0000000090005468       0x28 boot/image-fit.o
                0x0000000090005468                fit_image_get_type
 .text.fit_image_get_comp
                0x0000000090005490       0x24 boot/image-fit.o
                0x0000000090005490                fit_image_get_comp
 .text.fit_image_get_phase
                0x00000000900054b4       0x2c boot/image-fit.o
                0x00000000900054b4                fit_image_get_phase
 .text.fit_image_get_load
                0x00000000900054e0        0xc boot/image-fit.o
                0x00000000900054e0                fit_image_get_load
 .text.fit_image_get_entry
                0x00000000900054ec        0xc boot/image-fit.o
                0x00000000900054ec                fit_image_get_entry
 .text.fit_image_get_data
                0x00000000900054f8       0x28 boot/image-fit.o
                0x00000000900054f8                fit_image_get_data
 .text.fit_image_get_data_offset
                0x0000000090005520       0x24 boot/image-fit.o
                0x0000000090005520                fit_image_get_data_offset
 .text.fit_image_get_data_position
                0x0000000090005544       0x24 boot/image-fit.o
                0x0000000090005544                fit_image_get_data_position
 .text.fit_image_get_data_size
                0x0000000090005568       0x24 boot/image-fit.o
                0x0000000090005568                fit_image_get_data_size
 .text.fit_image_get_data_and_size
                0x000000009000558c       0x56 boot/image-fit.o
                0x000000009000558c                fit_image_get_data_and_size
 *fill*         0x00000000900055e2        0x2 
 .text.fit_image_hash_get_algo
                0x00000000900055e4       0x20 boot/image-fit.o
                0x00000000900055e4                fit_image_hash_get_algo
 .text.fit_image_hash_get_value
                0x0000000090005604       0x28 boot/image-fit.o
                0x0000000090005604                fit_image_hash_get_value
 .text.fit_image_print_data
                0x000000009000562c       0xfc boot/image-fit.o
 .text.fit_image_print_verification_data
                0x0000000090005728       0x60 boot/image-fit.o
 .text.fit_image_print
                0x0000000090005788      0x200 boot/image-fit.o
                0x0000000090005788                fit_image_print
 .text.fit_print_contents
                0x0000000090005988      0x2b0 boot/image-fit.o
                0x0000000090005988                fit_print_contents
 .text.fit_get_end
                0x0000000090005c38        0x8 boot/image-fit.o
                0x0000000090005c38                fit_get_end
 .text.calculate_hash
                0x0000000090005c40       0x36 boot/image-fit.o
                0x0000000090005c40                calculate_hash
 *fill*         0x0000000090005c76        0x2 
 .text.fit_image_verify_with_data
                0x0000000090005c78      0x140 boot/image-fit.o
                0x0000000090005c78                fit_image_verify_with_data
 .text.fit_image_verify
                0x0000000090005db8       0x54 boot/image-fit.o
                0x0000000090005db8                fit_image_verify
 .text.fit_all_image_verify
                0x0000000090005e0c       0xa0 boot/image-fit.o
                0x0000000090005e0c                fit_all_image_verify
 .text.fit_image_check_os
                0x0000000090005eac       0x20 boot/image-fit.o
                0x0000000090005eac                fit_image_check_os
 .text.fit_image_check_type
                0x0000000090005ecc       0x20 boot/image-fit.o
                0x0000000090005ecc                fit_image_check_type
 .text.fit_image_check_comp
                0x0000000090005eec       0x20 boot/image-fit.o
                0x0000000090005eec                fit_image_check_comp
 .text.fit_check_format
                0x0000000090005f0c       0x60 boot/image-fit.o
                0x0000000090005f0c                fit_check_format
 .text.fit_conf_get_node
                0x0000000090005f6c       0x78 boot/image-fit.o
                0x0000000090005f6c                fit_conf_get_node
 .text.fit_conf_get_prop_node_index
                0x0000000090005fe4       0x20 boot/image-fit.o
                0x0000000090005fe4                fit_conf_get_prop_node_index
 .text.fit_conf_get_prop_node
                0x0000000090006004       0x64 boot/image-fit.o
                0x0000000090006004                fit_conf_get_prop_node
 .text.fit_get_node_from_config
                0x0000000090006068       0x2c boot/image-fit.o
                0x0000000090006068                fit_get_node_from_config
 .text.fit_image_load
                0x0000000090006094      0x3f8 boot/image-fit.o
                0x0000000090006094                fit_image_load
 .text.boot_get_setup_fit
                0x000000009000648c       0x40 boot/image-fit.o
                0x000000009000648c                boot_get_setup_fit
 .text.boot_get_fdt_fit
                0x00000000900064cc      0x244 boot/image-fit.o
                0x00000000900064cc                boot_get_fdt_fit
 .text.vbe_find_next_device
                0x0000000090006710       0x30 boot/vbe.o
                0x0000000090006710                vbe_find_next_device
 .text.vbe_find_first_device
                0x0000000090006740       0x30 boot/vbe.o
                0x0000000090006740                vbe_find_first_device
 .text.vbe_req_random_seed
                0x0000000090006770        0x8 boot/vbe_request.o
 .text.bootmeth_vbe_ft_fixup
                0x0000000090006778      0x1a0 boot/vbe_request.o
 .text.vbe_req_aslr_rand
                0x0000000090006918        0x8 boot/vbe_request.o
 .text.vbe_req_efi_runtime_rand
                0x0000000090006920        0x8 boot/vbe_request.o
 .text.vbe_req_aslr_move
                0x0000000090006928        0x8 boot/vbe_request.o
 .text.vbe_simple_read_bootflow
                0x0000000090006930        0x6 boot/vbe_simple.o
 .text.vbe_simple_read_file
                0x0000000090006936       0x16 boot/vbe_simple.o
 .text.bootmeth_vbe_simple_probe
                0x000000009000694c       0xa8 boot/vbe_simple.o
 .text.bootmeth_vbe_simple_bind
                0x00000000900069f4       0x18 boot/vbe_simple.o
 .text.vbe_simple_read_state
                0x0000000090006a0c      0x118 boot/vbe_simple.o
                0x0000000090006a0c                vbe_simple_read_state
 .text.vbe_simple_get_state_desc
                0x0000000090006b24       0x3c boot/vbe_simple.o
 .text.vbe_simple_fixup_node
                0x0000000090006b60       0x64 boot/vbe_simple_os.o
                0x0000000090006b60                vbe_simple_fixup_node
 .text.bootmeth_vbe_simple_ft_fixup
                0x0000000090006bc4       0xb0 boot/vbe_simple_os.o
 .text.do_go    0x0000000090006c74       0x4c cmd/boot.o
 .text.do_bootd
                0x0000000090006cc0       0x18 cmd/bootm.o
                0x0000000090006cc0                do_bootd
 .text.image_info
                0x0000000090006cd8       0xc8 cmd/bootm.o
 .text.do_bootm
                0x0000000090006da0       0xd4 cmd/bootm.o
                0x0000000090006da0                do_bootm
 .text.do_iminfo
                0x0000000090006e74       0x3c cmd/bootm.o
 .text.do_help  0x0000000090006eb0       0x2c cmd/help.o
 .text.do_panic
                0x0000000090006edc       0x14 cmd/panic.o
 .text.do_version
                0x0000000090006ef0       0x1a cmd/version.o
 *fill*         0x0000000090006f0a        0x2 
 .text.complete_bootflow
                0x0000000090006f0c       0x1c cmd/bootflow.o
 .text.do_bootflow_scan
                0x0000000090006f28       0x90 cmd/bootflow.o
 .text.do_bootflow
                0x0000000090006fb8       0x58 cmd/bootflow.o
 .text.do_source
                0x0000000090007010       0x64 cmd/source.o
 .text.bdinfo_print_num_l
                0x0000000090007074       0x10 cmd/bdinfo.o
                0x0000000090007074                bdinfo_print_num_l
 .text.bdinfo_print_num_ll
                0x0000000090007084       0x1c cmd/bdinfo.o
                0x0000000090007084                bdinfo_print_num_ll
 .text.do_bdinfo
                0x00000000900070a0      0x124 cmd/bdinfo.o
                0x00000000900070a0                do_bdinfo
 .text.do_blkcache
                0x00000000900071c4       0x3c cmd/blkcache.o
 .text.blkc_configure
                0x0000000090007200       0x40 cmd/blkcache.o
 .text.blkc_show
                0x0000000090007240       0x28 cmd/blkcache.o
 .text.do_bootz
                0x0000000090007268       0xd8 cmd/bootz.o
                0x0000000090007268                do_bootz
 .text.parse_argv
                0x0000000090007340       0x3c cmd/cache.o
 .text.do_icache
                0x000000009000737c       0x5c cmd/cache.o
 .text.do_dcache
                0x00000000900073d8       0x5c cmd/cache.o
 .text.do_coninfo
                0x0000000090007434       0x90 cmd/console.o
 .text.do_dm_dump_devres
                0x00000000900074c4        0x4 cmd/dm.o
 .text.complete_dm
                0x00000000900074c8       0x1c cmd/dm.o
 .text.do_dm_dump_uclass
                0x00000000900074e4       0x38 cmd/dm.o
 .text.do_dm_dump_tree
                0x000000009000751c       0x64 cmd/dm.o
 .text.do_dm_dump_static_driver_info
                0x0000000090007580        0xa cmd/dm.o
 .text.do_dm_dump_drivers
                0x000000009000758a        0xa cmd/dm.o
 .text.do_dm_dump_driver_compat
                0x0000000090007594        0xa cmd/dm.o
 *fill*         0x000000009000759e        0x2 
 .text.do_dm    0x00000000900075a0       0x58 cmd/dm.o
 .text.do_echo  0x00000000900075f8       0x4c cmd/echo.o
 .text.do_bootelf
                0x0000000090007644       0xa4 cmd/elf.o
                0x0000000090007644                do_bootelf
 .text.do_bootvx
                0x00000000900076e8      0x200 cmd/elf.o
                0x00000000900076e8                do_bootvx
 .text.do_exit  0x00000000900078e8       0x20 cmd/exit.o
 .text.do_ext4_size
                0x0000000090007908        0xe cmd/ext4.o
                0x0000000090007908                do_ext4_size
 .text.do_ext4_load
                0x0000000090007916        0xe cmd/ext4.o
                0x0000000090007916                do_ext4_load
 .text.do_ext4_ls
                0x0000000090007924        0xe cmd/ext4.o
                0x0000000090007924                do_ext4_ls
 .text.do_ext4_write
                0x0000000090007932        0xe cmd/ext4.o
                0x0000000090007932                do_ext4_write
 .text.do_ext2load
                0x0000000090007940        0xe cmd/ext2.o
                0x0000000090007940                do_ext2load
 .text.do_ext2ls
                0x000000009000794e        0xe cmd/ext2.o
 .text.do_fat_size
                0x000000009000795c        0xe cmd/fat.o
 .text.do_fat_fsload
                0x000000009000796a        0xe cmd/fat.o
                0x000000009000796a                do_fat_fsload
 .text.do_fat_ls
                0x0000000090007978        0xe cmd/fat.o
 *fill*         0x0000000090007986        0x2 
 .text.do_fat_fsinfo
                0x0000000090007988       0x54 cmd/fat.o
 .text.is_printable_string.part.0
                0x00000000900079dc       0x44 cmd/fdt.o
 .text.print_data.part.0
                0x0000000090007a20      0x120 cmd/fdt.o
 .text.set_working_fdt_addr
                0x0000000090007b40       0x28 cmd/fdt.o
                0x0000000090007b40                set_working_fdt_addr
 .text.do_fdt   0x0000000090007b68      0xb84 cmd/fdt.o
 .text.do_size_wrapper
                0x00000000900086ec        0xe cmd/fs.o
 .text.do_load_wrapper
                0x00000000900086fa        0xe cmd/fs.o
 .text.do_save_wrapper
                0x0000000090008708        0xe cmd/fs.o
 .text.do_ls_wrapper
                0x0000000090008716        0xe cmd/fs.o
 .text.do_ln_wrapper
                0x0000000090008724        0xe cmd/fs.o
 .text.do_fstype_wrapper
                0x0000000090008732        0x4 cmd/fs.o
 .text.do_fstypes_wrapper
                0x0000000090008736        0x4 cmd/fs.o
 .text.evalexp  0x000000009000873a       0x48 cmd/itest.o
 .text.evalstr  0x0000000090008782       0x3a cmd/itest.o
 .text.binary_test
                0x00000000900087bc       0xf4 cmd/itest.o
 .text.do_itest
                0x00000000900088b0       0x4c cmd/itest.o
 .text.bin_data_init
                0x00000000900088fc       0x1c cmd/load.o
 .text.k_data_save
                0x0000000090008918       0x34 cmd/load.o
 .text.k_data_restore
                0x000000009000894c       0x34 cmd/load.o
 .text.getcxmodem
                0x0000000090008980       0x16 cmd/load.o
 *fill*         0x0000000090008996        0x2 
 .text.load_serial_ymodem
                0x0000000090008998       0xa4 cmd/load.o
 .text.bin_data_char
                0x0000000090008a3c       0x1c cmd/load.o
 .text.chk1.constprop.0
                0x0000000090008a58       0x20 cmd/load.o
 .text.s1_sendpacket.constprop.0
                0x0000000090008a78       0x34 cmd/load.o
 .text.load_serial
                0x0000000090008aac      0x150 cmd/load.o
 .text.do_load_serial
                0x0000000090008bfc       0x8c cmd/load.o
 .text.do_load_serial_bin
                0x0000000090008c88      0x55c cmd/load.o
 .text.do_mem_md
                0x00000000900091e4       0x9c cmd/mem.o
 .text.do_mem_base
                0x0000000090009280       0x28 cmd/mem.o
 .text.do_mem_crc
                0x00000000900092a8       0x2c cmd/mem.o
 .text.do_random
                0x00000000900092d4       0x90 cmd/mem.o
 .text.do_mem_mw
                0x0000000090009364       0x74 cmd/mem.o
 .text.do_mem_loop
                0x00000000900093d8       0x7e cmd/mem.o
 *fill*         0x0000000090009456        0x2 
 .text.do_mem_cmp
                0x0000000090009458       0xe4 cmd/mem.o
 .text.mod_mem.isra.0.part.0
                0x000000009000953c       0xe8 cmd/mem.o
 .text.do_mem_mm
                0x0000000090009624       0x12 cmd/mem.o
 *fill*         0x0000000090009636        0x2 
 .text.do_mem_cp
                0x0000000090009638       0x68 cmd/mem.o
 .text.do_mem_nm
                0x00000000900096a0       0x12 cmd/mem.o
 .text.do_sleep
                0x00000000900096b2       0x80 cmd/sleep.o
 *fill*         0x0000000090009732        0x2 
 .text.do_mmcops
                0x0000000090009734       0x84 cmd/mmc.o
 .text.parse_hwpart_user_enh_size
                0x00000000900097b8       0xa0 cmd/mmc.o
 .text.do_mmc_list
                0x0000000090009858        0xc cmd/mmc.o
 .text.print_mmcinfo
                0x0000000090009864      0x334 cmd/mmc.o
 .text.do_mmc_setdsr
                0x0000000090009b98       0x70 cmd/mmc.o
 .text.__init_mmc_device.isra.0
                0x0000000090009c08       0x48 cmd/mmc.o
 .text.do_mmc_rescan
                0x0000000090009c50       0x34 cmd/mmc.o
 .text.do_mmc_hwpartition
                0x0000000090009c84      0x3b4 cmd/mmc.o
 .text.do_mmc_dev
                0x000000009000a038       0xf0 cmd/mmc.o
 .text.do_mmc_boot_wp
                0x000000009000a128       0x5c cmd/mmc.o
 .text.do_mmcinfo
                0x000000009000a184       0x3c cmd/mmc.o
 .text.do_mmc_part
                0x000000009000a1c0       0x38 cmd/mmc.o
 .text.do_mmc_erase
                0x000000009000a1f8       0xc4 cmd/mmc.o
 .text.do_mmc_write
                0x000000009000a2bc       0xa8 cmd/mmc.o
 .text.do_mmc_read
                0x000000009000a364       0x94 cmd/mmc.o
 .text.do_env   0x000000009000a3f8       0x3c cmd/nvedit.o
 .text.do_env_set
                0x000000009000a434       0x16 cmd/nvedit.o
 *fill*         0x000000009000a44a        0x2 
 .text.env_print
                0x000000009000a44c       0x78 cmd/nvedit.o
 .text.do_env_print
                0x000000009000a4c4       0x78 cmd/nvedit.o
 .text.do_env_import
                0x000000009000a53c      0x1ac cmd/nvedit.o
 .text.do_env_export
                0x000000009000a6e8      0x154 cmd/nvedit.o
 .text.do_env_delete
                0x000000009000a83c       0x64 cmd/nvedit.o
 .text.do_env_default
                0x000000009000a8a0       0x5c cmd/nvedit.o
 .text.do_env_exists
                0x000000009000a8fc       0x40 cmd/nvedit.o
 .text.do_env_edit.part.0
                0x000000009000a93c       0x6c cmd/nvedit.o
 .text.do_env_edit
                0x000000009000a9a8       0x1c cmd/nvedit.o
 .text.do_part_list
                0x000000009000a9c4       0xf0 cmd/part.o
 .text.do_part_info
                0x000000009000aab4       0xb0 cmd/part.o
 .text.do_part  0x000000009000ab64      0x198 cmd/part.o
 .text.do_pinmux
                0x000000009000acfc       0x40 cmd/pinmux.o
 .text.do_list  0x000000009000ad3c       0x64 cmd/pinmux.o
 .text.show_pinmux
                0x000000009000ada0       0xc0 cmd/pinmux.o
 .text.do_status
                0x000000009000ae60       0x90 cmd/pinmux.o
 .text.do_dev   0x000000009000aef0       0x54 cmd/pinmux.o
 .text.do_sysboot
                0x000000009000af44      0x140 cmd/sysboot.o
 .text.sysboot_read_file
                0x000000009000b084       0x42 cmd/sysboot.o
 *fill*         0x000000009000b0c6        0x2 
 .text.do_timer
                0x000000009000b0c8       0x64 cmd/timer.o
 .text.do_false
                0x000000009000b12c        0x4 cmd/test.o
 .text.do_true  0x000000009000b130        0x4 cmd/test.o
 .text.do_test  0x000000009000b134      0x200 cmd/test.o
 .text.do_imgextract
                0x000000009000b334      0x270 cmd/ximg.o
 .text.extract_val
                0x000000009000b5a4       0x6c cmd/gpt.o
 .text.extract_env
                0x000000009000b610       0xa0 cmd/gpt.o
 .text.gpt_enumerate
                0x000000009000b6b0       0xc0 cmd/gpt.o
 .text.set_gpt_info.isra.0.constprop.0
                0x000000009000b770      0x350 cmd/gpt.o
 .text.do_gpt   0x000000009000bac0      0x31c cmd/gpt.o
 .text.board_init_f_alloc_reserve
                0x000000009000bddc        0xc common/init/board_init.o
                0x000000009000bddc                board_init_f_alloc_reserve
 .text.board_init_f_init_reserve
                0x000000009000bde8       0x14 common/init/board_init.o
                0x000000009000bde8                board_init_f_init_reserve
 .text.main_loop
                0x000000009000bdfc       0x30 common/main.o
                0x000000009000bdfc                main_loop
 .text.mdelay   0x000000009000be2c        0xa common/exports.o
 .text.dummy    0x000000009000be36        0x2 common/exports.o
 .text.get_version
                0x000000009000be38        0x4 common/exports.o
                0x000000009000be38                get_version
 .text.jumptable_init
                0x000000009000be3c      0x170 common/exports.o
                0x000000009000be3c                jumptable_init
 .text.cli_ch_init
                0x000000009000bfac        0x8 common/cli_getch.o
                0x000000009000bfac                cli_ch_init
 .text.cli_ch_process
                0x000000009000bfb4      0x12c common/cli_getch.o
                0x000000009000bfb4                cli_ch_process
 .text.cli_simple_process_macros
                0x000000009000c0e0      0x134 common/cli_simple.o
                0x000000009000c0e0                cli_simple_process_macros
 .text.delete_char.part.0
                0x000000009000c214       0x84 common/cli_readline.o
 .text.cread_line_process_ch
                0x000000009000c298      0x3b8 common/cli_readline.o
                0x000000009000c298                cread_line_process_ch
 .text.cli_cread_init
                0x000000009000c650       0x70 common/cli_readline.o
                0x000000009000c650                cli_cread_init
 .text.cli_readline_into_buffer
                0x000000009000c6c0      0x2b8 common/cli_readline.o
                0x000000009000c6c0                cli_readline_into_buffer
 .text.cli_readline
                0x000000009000c978       0x10 common/cli_readline.o
                0x000000009000c978                cli_readline
 .text.b_reset  0x000000009000c988        0xe common/cli_hush.o
 .text.static_get
                0x000000009000c996       0x12 common/cli_hush.o
 .text.static_peek
                0x000000009000c9a8        0x6 common/cli_hush.o
 *fill*         0x000000009000c9ae        0x2 
 .text.mapset   0x000000009000c9b0       0x14 common/cli_hush.o
 .text.free_pipe_list
                0x000000009000c9c4       0x90 common/cli_hush.o
 .text.syntax_err
                0x000000009000ca54        0xc common/cli_hush.o
 .text.xmalloc  0x000000009000ca60       0x18 common/cli_hush.o
 .text.new_pipe
                0x000000009000ca78       0x16 common/cli_hush.o
 *fill*         0x000000009000ca8e        0x2 
 .text.xrealloc
                0x000000009000ca90       0x18 common/cli_hush.o
 .text.done_command
                0x000000009000caa8       0x42 common/cli_hush.o
 .text.done_pipe
                0x000000009000caea       0x2c common/cli_hush.o
 *fill*         0x000000009000cb16        0x2 
 .text.done_word
                0x000000009000cb18      0x1c0 common/cli_hush.o
 .text.is_assignment
                0x000000009000ccd8       0x30 common/cli_hush.o
 .text.file_get
                0x000000009000cd08      0x138 common/cli_hush.o
 .text.do_showvar
                0x000000009000ce40       0xa0 common/cli_hush.o
 .text.b_addchr
                0x000000009000cee0       0x42 common/cli_hush.o
 *fill*         0x000000009000cf22        0x2 
 .text.b_addqchr
                0x000000009000cf24       0x30 common/cli_hush.o
 .text.file_peek
                0x000000009000cf54        0x6 common/cli_hush.o
 *fill*         0x000000009000cf5a        0x2 
 .text.get_local_var
                0x000000009000cf5c       0x58 common/cli_hush.o
                0x000000009000cf5c                get_local_var
 .text.unset_local_var
                0x000000009000cfb4       0x5c common/cli_hush.o
                0x000000009000cfb4                unset_local_var
 .text.set_local_var
                0x000000009000d010       0xfc common/cli_hush.o
                0x000000009000d010                set_local_var
 .text.insert_var_value_sub
                0x000000009000d10c      0x1bc common/cli_hush.o
 .text.parse_string_outer
                0x000000009000d2c8       0x9c common/cli_hush.o
                0x000000009000d2c8                parse_string_outer
 .text.run_list_real
                0x000000009000d364      0x4d8 common/cli_hush.o
 .text.parse_stream_outer
                0x000000009000d83c      0x42c common/cli_hush.o
 .text.parse_file_outer
                0x000000009000dc68       0x38 common/cli_hush.o
                0x000000009000dc68                parse_file_outer
 .text.u_boot_hush_start
                0x000000009000dca0       0x30 common/cli_hush.o
                0x000000009000dca0                u_boot_hush_start
 .text.bootdelay_process
                0x000000009000dcd0       0x74 common/autoboot.o
                0x000000009000dcd0                bootdelay_process
 .text.autoboot_command
                0x000000009000dd44      0x164 common/autoboot.o
                0x000000009000dd44                autoboot_command
 .text.bloblist_maybe_init
                0x000000009000dea8        0x4 common/board_f.o
 .text.display_text_info
                0x000000009000deac        0x4 common/board_f.o
 .text.setup_mon_len
                0x000000009000deb0       0x18 common/board_f.o
 .text.reserve_round_4k
                0x000000009000dec8       0x14 common/board_f.o
 .text.reserve_uboot
                0x000000009000dedc       0x30 common/board_f.o
 .text.checkcpu
                0x000000009000df0c        0x4 common/board_f.o
                0x000000009000df0c                checkcpu
 .text.setup_reloc
                0x000000009000df10       0x2e common/board_f.o
 .text.reloc_fdt
                0x000000009000df3e       0x2e common/board_f.o
 .text.reserve_board
                0x000000009000df6c       0x2c common/board_f.o
 .text.announce_dram_init
                0x000000009000df98       0x10 common/board_f.o
 .text.init_baud_rate
                0x000000009000dfa8       0x1c common/board_f.o
 .text.initf_dm
                0x000000009000dfc4        0x6 common/board_f.o
 .text.event_init
                0x000000009000dfca        0x4 common/board_f.o
 .text.cyclic_unregister_all
                0x000000009000dfce        0x4 common/board_f.o
 .text.log_init
                0x000000009000dfd2        0x4 common/board_f.o
 .text.clear_bss
                0x000000009000dfd6        0x4 common/board_f.o
                0x000000009000dfd6                clear_bss
 .text.initf_upl
                0x000000009000dfda        0x4 common/board_f.o
 .text.reloc_bootstage
                0x000000009000dfde        0x4 common/board_f.o
 .text.reloc_bloblist
                0x000000009000dfe2        0x4 common/board_f.o
 .text.initf_bootstage
                0x000000009000dfe6        0x4 common/board_f.o
 .text.reserve_arch
                0x000000009000dfea        0x4 common/board_f.o
                0x000000009000dfea                reserve_arch
 .text.reserve_bootstage
                0x000000009000dfee        0x4 common/board_f.o
 .text.reserve_bloblist
                0x000000009000dff2        0x4 common/board_f.o
 .text.display_new_sp
                0x000000009000dff6        0x4 common/board_f.o
 .text.setup_spl_handoff
                0x000000009000dffa        0x4 common/board_f.o
 .text.mach_cpu_init
                0x000000009000dffe        0x4 common/board_f.o
                0x000000009000dffe                mach_cpu_init
 .text.setup_relocaddr_from_bloblist
                0x000000009000e002        0x4 common/board_f.o
 .text.reserve_video
                0x000000009000e006        0x4 common/board_f.o
 .text.reserve_trace
                0x000000009000e00a        0x4 common/board_f.o
 .text.reserve_malloc
                0x000000009000e00e       0x14 common/board_f.o
 .text.reserve_global_data
                0x000000009000e022       0x1a common/board_f.o
 .text.reserve_fdt
                0x000000009000e03c       0x40 common/board_f.o
 .text.coloured_LED_init
                0x000000009000e07c        0x2 common/board_f.o
                0x000000009000e07c                coloured_LED_init
 .text.red_led_on
                0x000000009000e07e        0x2 common/board_f.o
                0x000000009000e07e                red_led_on
 .text.board_add_ram_info
                0x000000009000e080        0x2 common/board_f.o
                0x000000009000e080                board_add_ram_info
 *fill*         0x000000009000e082        0x2 
 .text.show_dram_config
                0x000000009000e084      0x11c common/board_f.o
 .text.board_get_usable_ram_top
                0x000000009000e1a0        0x6 common/board_f.o
                0x000000009000e1a0                board_get_usable_ram_top
 .text.arch_setup_dest_addr
                0x000000009000e1a6        0x4 common/board_f.o
                0x000000009000e1a6                arch_setup_dest_addr
 .text.setup_dest_addr
                0x000000009000e1aa       0x2c common/board_f.o
 .text.reserve_stacks
                0x000000009000e1d6       0x12 common/board_f.o
 .text.setup_bdinfo
                0x000000009000e1e8        0x8 common/board_f.o
                0x000000009000e1e8                setup_bdinfo
 .text.board_init_f
                0x000000009000e1f0       0x2c common/board_f.o
                0x000000009000e1f0                board_init_f
 .text.event_init
                0x000000009000e21c        0x4 common/board_r.o
 .text.cpu_secondary_init_r
                0x000000009000e220        0x4 common/board_r.o
                0x000000009000e220                cpu_secondary_init_r
 .text.initr_trace
                0x000000009000e224        0x4 common/board_r.o
 .text.initr_reloc
                0x000000009000e228       0x14 common/board_r.o
 .text.initr_reloc_global_data
                0x000000009000e23c       0x28 common/board_r.o
 .text.run_main_loop
                0x000000009000e264        0xe common/board_r.o
 *fill*         0x000000009000e272        0x2 
 .text.initr_env
                0x000000009000e274       0x44 common/board_r.o
 .text.initr_mmc
                0x000000009000e2b8       0x18 common/board_r.o
 .text.dm_announce
                0x000000009000e2d0       0x4c common/board_r.o
 .text.initr_lmb
                0x000000009000e31c        0x4 common/board_r.o
 .text.initr_dm
                0x000000009000e320        0xe common/board_r.o
 .text.initr_malloc
                0x000000009000e32e       0x16 common/board_r.o
 .text.initr_caches
                0x000000009000e344        0xa common/board_r.o
 .text.log_init
                0x000000009000e34e        0x4 common/board_r.o
 .text.arch_initr_trap
                0x000000009000e352        0x4 common/board_r.o
                0x000000009000e352                arch_initr_trap
 .text.initr_barrier
                0x000000009000e356        0x4 common/board_r.o
 .text.initr_of_live
                0x000000009000e35a        0x4 common/board_r.o
 .text.initr_dm_devices
                0x000000009000e35e        0x4 common/board_r.o
 .text.initr_bootstage
                0x000000009000e362        0x4 common/board_r.o
 .text.power_init_board
                0x000000009000e366        0x4 common/board_r.o
                0x000000009000e366                power_init_board
 .text.initr_announce
                0x000000009000e36a        0x4 common/board_r.o
 .text.initr_binman
                0x000000009000e36e        0x4 common/board_r.o
 .text.initr_status_led
                0x000000009000e372        0x4 common/board_r.o
 .text.initr_boot_led_blink
                0x000000009000e376        0x4 common/board_r.o
 .text.initr_boot_led_on
                0x000000009000e37a        0x4 common/board_r.o
 *fill*         0x000000009000e37e        0x2 
 .text.board_init_r
                0x000000009000e380       0x2c common/board_r.o
                0x000000009000e380                board_init_r
 .text.checkboard
                0x000000009000e3ac        0x4 common/board_info.o
                0x000000009000e3ac                checkboard
 .text.show_board_info
                0x000000009000e3b0       0x2c common/board_info.o
                0x000000009000e3b0                show_board_info
 .text.menu_default_set
                0x000000009000e3dc       0x4a common/menu.o
                0x000000009000e3dc                menu_default_set
 *fill*         0x000000009000e426        0x2 
 .text.menu_get_choice
                0x000000009000e428      0x13c common/menu.o
                0x000000009000e428                menu_get_choice
 .text.menu_item_add
                0x000000009000e564       0x84 common/menu.o
                0x000000009000e564                menu_item_add
 .text.menu_create
                0x000000009000e5e8       0x5c common/menu.o
                0x000000009000e5e8                menu_create
 .text.menu_destroy
                0x000000009000e644       0x44 common/menu.o
                0x000000009000e644                menu_destroy
 .text.console_puts_select.part.0
                0x000000009000e688       0x10 common/console.o
 .text.fgetc.part.0
                0x000000009000e698       0x24 common/console.o
 .text.getchar  0x000000009000e6bc       0x1e common/console.o
                0x000000009000e6bc                getchar
 *fill*         0x000000009000e6da        0x2 
 .text.putc     0x000000009000e6dc       0x2c common/console.o
                0x000000009000e6dc                putc
 .text.puts     0x000000009000e708       0x24 common/console.o
                0x000000009000e708                puts
 .text.fflush.part.0
                0x000000009000e72c       0x14 common/console.o
 .text.flush    0x000000009000e740       0x22 common/console.o
                0x000000009000e740                flush
 .text.console_start
                0x000000009000e762       0x14 common/console.o
                0x000000009000e762                console_start
 *fill*         0x000000009000e776        0x2 
 .text.console_setfile
                0x000000009000e778       0x78 common/console.o
 .text.ftstc    0x000000009000e7f0       0x18 common/console.o
                0x000000009000e7f0                ftstc
 .text.tstc     0x000000009000e808       0x1e common/console.o
                0x000000009000e808                tstc
 *fill*         0x000000009000e826        0x2 
 .text.ctrlc    0x000000009000e828       0x34 common/console.o
                0x000000009000e828                ctrlc
 .text.disable_ctrlc
                0x000000009000e85c       0x10 common/console.o
                0x000000009000e85c                disable_ctrlc
 .text.had_ctrlc
                0x000000009000e86c        0xc common/console.o
                0x000000009000e86c                had_ctrlc
 .text.clear_ctrlc
                0x000000009000e878        0xc common/console.o
                0x000000009000e878                clear_ctrlc
 .text.console_search_dev
                0x000000009000e884       0x16 common/console.o
                0x000000009000e884                console_search_dev
 .text.console_assign
                0x000000009000e89a       0x2a common/console.o
                0x000000009000e89a                console_assign
 .text.on_console
                0x000000009000e8c4       0x6c common/console.o
 .text.console_init_f
                0x000000009000e930       0x14 common/console.o
                0x000000009000e930                console_init_f
 .text.console_init_r
                0x000000009000e944       0xf4 common/console.o
                0x000000009000e944                console_init_r
 .text.sbrk     0x000000009000ea38       0x40 common/dlmalloc.o
                0x000000009000ea38                sbrk
 .text.mem_malloc_init
                0x000000009000ea78       0x28 common/dlmalloc.o
                0x000000009000ea78                mem_malloc_init
 .text.malloc_trim
                0x000000009000eaa0       0x84 common/dlmalloc.o
                0x000000009000eaa0                malloc_trim
 .text.free     0x000000009000eb24      0x168 common/dlmalloc.o
                0x000000009000eb24                free
 .text.malloc   0x000000009000ec8c      0x428 common/dlmalloc.o
                0x000000009000ec8c                malloc
 .text.calloc   0x000000009000f0b4       0x9c common/dlmalloc.o
                0x000000009000f0b4                calloc
 .text.realloc  0x000000009000f150      0x2d4 common/dlmalloc.o
                0x000000009000f150                realloc
 .text.memalign
                0x000000009000f424      0x110 common/dlmalloc.o
                0x000000009000f424                memalign
 .text.initf_malloc
                0x000000009000f534       0x14 common/dlmalloc.o
                0x000000009000f534                initf_malloc
 .text.alloc_simple
                0x000000009000f548       0x40 common/malloc_simple.o
 .text.malloc_simple
                0x000000009000f588        0x6 common/malloc_simple.o
                0x000000009000f588                malloc_simple
 .text.memalign_simple
                0x000000009000f58e        0xa common/malloc_simple.o
                0x000000009000f58e                memalign_simple
 .text.event_type_name
                0x000000009000f598        0x8 common/event.o
                0x000000009000f598                event_type_name
 .text.event_notify
                0x000000009000f5a0       0x50 common/event.o
                0x000000009000f5a0                event_notify
 .text.event_notify_null
                0x000000009000f5f0        0x8 common/event.o
                0x000000009000f5f0                event_notify_null
 .text.hash_finish_crc32
                0x000000009000f5f8       0x1c common/hash.o
 .text.hash_finish_crc16_ccitt
                0x000000009000f614       0x1c common/hash.o
 .text.hash_update_crc32
                0x000000009000f630       0x14 common/hash.o
 .text.hash_init_crc32
                0x000000009000f644       0x14 common/hash.o
 .text.hash_init_crc16_ccitt
                0x000000009000f658       0x14 common/hash.o
 .text.hash_update_crc16_ccitt
                0x000000009000f66c       0x14 common/hash.o
 .text.hash_finish_sha256
                0x000000009000f680       0x22 common/hash.o
 .text.hash_update_sha256
                0x000000009000f6a2       0x10 common/hash.o
 .text.hash_init_sha256
                0x000000009000f6b2       0x16 common/hash.o
 .text.hash_finish_sha1
                0x000000009000f6c8       0x22 common/hash.o
 .text.hash_update_sha1
                0x000000009000f6ea       0x10 common/hash.o
 .text.hash_init_sha1
                0x000000009000f6fa       0x16 common/hash.o
 .text.hash_lookup_algo
                0x000000009000f710       0x38 common/hash.o
                0x000000009000f710                hash_lookup_algo
 .text.hash_command
                0x000000009000f748      0x134 common/hash.o
                0x000000009000f748                hash_command
 .text.get_effective_memsize
                0x000000009000f87c        0x6 common/memsize.o
                0x000000009000f87c                get_effective_memsize
 .text.stdio_serial_tstc
                0x000000009000f882        0x4 common/stdio.o
 .text.stdio_serial_getc
                0x000000009000f886        0x4 common/stdio.o
 .text.stdio_serial_flush
                0x000000009000f88a        0x4 common/stdio.o
 .text.stdio_serial_puts
                0x000000009000f88e        0x6 common/stdio.o
 .text.stdio_serial_putc
                0x000000009000f894        0x6 common/stdio.o
 .text.stdio_file_to_flags
                0x000000009000f89a       0x14 common/stdio.o
                0x000000009000f89a                stdio_file_to_flags
 *fill*         0x000000009000f8ae        0x2 
 .text.stdio_get_list
                0x000000009000f8b0        0x8 common/stdio.o
                0x000000009000f8b0                stdio_get_list
 .text.stdio_get_by_name
                0x000000009000f8b8       0x30 common/stdio.o
                0x000000009000f8b8                stdio_get_by_name
 .text.stdio_clone
                0x000000009000f8e8       0x22 common/stdio.o
                0x000000009000f8e8                stdio_clone
 *fill*         0x000000009000f90a        0x2 
 .text.stdio_register_dev
                0x000000009000f90c       0x34 common/stdio.o
                0x000000009000f90c                stdio_register_dev
 .text.stdio_register
                0x000000009000f940        0x6 common/stdio.o
                0x000000009000f940                stdio_register
 *fill*         0x000000009000f946        0x2 
 .text.stdio_init_tables
                0x000000009000f948       0x14 common/stdio.o
                0x000000009000f948                stdio_init_tables
 .text.stdio_add_devices
                0x000000009000f95c       0x58 common/stdio.o
                0x000000009000f95c                stdio_add_devices
 .text.run_command
                0x000000009000f9b4        0xe common/cli.o
                0x000000009000f9b4                run_command
 .text.run_command_list
                0x000000009000f9c2       0x46 common/cli.o
                0x000000009000f9c2                run_command_list
 .text.do_run   0x000000009000fa08       0x4c common/cli.o
                0x000000009000fa08                do_run
 .text.cli_process_fdt
                0x000000009000fa54       0x28 common/cli.o
                0x000000009000fa54                cli_process_fdt
 .text.cli_secure_boot_cmd
                0x000000009000fa7c       0x4c common/cli.o
                0x000000009000fa7c                cli_secure_boot_cmd
 .text.cli_loop
                0x000000009000fac8       0x24 common/cli.o
                0x000000009000fac8                cli_loop
 .text.cli_init
                0x000000009000faec       0x3c common/cli.o
                0x000000009000faec                cli_init
 .text.find_cmd_tbl
                0x000000009000fb28       0x64 common/command.o
                0x000000009000fb28                find_cmd_tbl
 .text.find_cmd
                0x000000009000fb8c       0x1c common/command.o
                0x000000009000fb8c                find_cmd
 .text.cmd_usage
                0x000000009000fba8       0x3c common/command.o
                0x000000009000fba8                cmd_usage
 .text._do_help
                0x000000009000fbe4      0x108 common/command.o
                0x000000009000fbe4                _do_help
 .text.var_complete
                0x000000009000fcec       0x50 common/command.o
                0x000000009000fcec                var_complete
 .text.complete_subcmdv
                0x000000009000fd3c      0x10c common/command.o
                0x000000009000fd3c                complete_subcmdv
 .text.cmd_auto_complete
                0x000000009000fe48      0x27c common/command.o
                0x000000009000fe48                cmd_auto_complete
 .text.cmd_get_data_size
                0x00000000900100c4       0x34 common/command.o
                0x00000000900100c4                cmd_get_data_size
 .text.cmd_always_repeatable
                0x00000000900100f8       0x10 common/command.o
                0x00000000900100f8                cmd_always_repeatable
 .text.cmd_never_repeatable
                0x0000000090010108       0x10 common/command.o
                0x0000000090010108                cmd_never_repeatable
 .text.cmd_discard_repeatable
                0x0000000090010118        0xe common/command.o
                0x0000000090010118                cmd_discard_repeatable
 *fill*         0x0000000090010126        0x2 
 .text.cmd_process
                0x0000000090010128       0xd8 common/command.o
                0x0000000090010128                cmd_process
 .text.cmd_source_script
                0x0000000090010200       0x2a common/command.o
                0x0000000090010200                cmd_source_script
 .text.hex1_bin
                0x000000009001022a       0x2c common/s_record.o
 .text.hex2_bin
                0x0000000090010256       0x24 common/s_record.o
 *fill*         0x000000009001027a        0x2 
 .text.srec_decode
                0x000000009001027c      0x190 common/s_record.o
                0x000000009001027c                srec_decode
 .text.CYGACC_COMM_IF_GETC_TIMEOUT.isra.0
                0x000000009001040c       0x2e common/xyzModem.o
 .text.xyzModem_flush
                0x000000009001043a       0x14 common/xyzModem.o
 *fill*         0x000000009001044e        0x2 
 .text.xyzModem_get_hdr
                0x0000000090010450      0x170 common/xyzModem.o
 .text.xyzModem_stream_open
                0x00000000900105c0      0x1d4 common/xyzModem.o
                0x00000000900105c0                xyzModem_stream_open
 .text.xyzModem_stream_read
                0x0000000090010794      0x204 common/xyzModem.o
                0x0000000090010794                xyzModem_stream_read
 .text.xyzModem_stream_close
                0x0000000090010998        0x2 common/xyzModem.o
                0x0000000090010998                xyzModem_stream_close
 *fill*         0x000000009001099a        0x2 
 .text.xyzModem_stream_terminate
                0x000000009001099c       0x68 common/xyzModem.o
                0x000000009001099c                xyzModem_stream_terminate
 .text.xyzModem_error
                0x0000000090010a04       0x18 common/xyzModem.o
                0x0000000090010a04                xyzModem_error
 .text.part_driver_get_type
                0x0000000090010a1c       0x20 disk/part.o
 .text.part_driver_lookup_type
                0x0000000090010a3c       0x3c disk/part.o
 .text.part_get_type_by_name
                0x0000000090010a78       0x2c disk/part.o
                0x0000000090010a78                part_get_type_by_name
 .text.blk_get_dev
                0x0000000090010aa4       0x18 disk/part.o
                0x0000000090010aa4                blk_get_dev
 .text.dev_print
                0x0000000090010abc      0x194 disk/part.o
                0x0000000090010abc                dev_print
 .text.part_init
                0x0000000090010c50       0x5c disk/part.o
                0x0000000090010c50                part_init
 .text.part_print
                0x0000000090010cac       0x44 disk/part.o
                0x0000000090010cac                part_print
 .text.part_get_info_by_type
                0x0000000090010cf0       0x40 disk/part.o
                0x0000000090010cf0                part_get_info_by_type
 .text.part_get_info
                0x0000000090010d30        0x8 disk/part.o
                0x0000000090010d30                part_get_info
 .text.part_get_info_whole_disk
                0x0000000090010d38       0x38 disk/part.o
                0x0000000090010d38                part_get_info_whole_disk
 .text.blk_get_device_by_str
                0x0000000090010d70       0xbc disk/part.o
                0x0000000090010d70                blk_get_device_by_str
 .text.blk_get_device_part_str
                0x0000000090010e2c      0x26c disk/part.o
                0x0000000090010e2c                blk_get_device_part_str
 .text.part_get_info_by_name
                0x0000000090011098       0x56 disk/part.o
                0x0000000090011098                part_get_info_by_name
 *fill*         0x00000000900110ee        0x2 
 .text.part_get_info_by_dev_and_name_or_num
                0x00000000900110f0       0x8c disk/part.o
                0x00000000900110f0                part_get_info_by_dev_and_name_or_num
 .text.part_set_generic_name
                0x000000009001117c       0x68 disk/part.o
                0x000000009001117c                part_set_generic_name
 .text.part_get_bootable
                0x00000000900111e4       0x26 disk/part.o
                0x00000000900111e4                part_get_bootable
 .text.disk_blk_part_validate
                0x000000009001120a       0x38 disk/disk-uclass.o
 .text.disk_blk_write
                0x0000000090011242       0x36 disk/disk-uclass.o
                0x0000000090011242                disk_blk_write
 .text.disk_blk_erase
                0x0000000090011278       0x2e disk/disk-uclass.o
                0x0000000090011278                disk_blk_erase
 .text.disk_blk_read
                0x00000000900112a6       0x36 disk/disk-uclass.o
                0x00000000900112a6                disk_blk_read
 .text.test_block_type
                0x00000000900112dc       0x78 disk/part_dos.o
 .text.part_test_dos
                0x0000000090011354       0x58 disk/part_dos.o
 .text.part_get_info_extended
                0x00000000900113ac      0x204 disk/part_dos.o
 .text.part_get_info_dos
                0x00000000900115b0       0x1a disk/part_dos.o
 *fill*         0x00000000900115ca        0x2 
 .text.print_partition_extended
                0x00000000900115cc      0x178 disk/part_dos.o
 .text.part_print_dos
                0x0000000090011744       0x20 disk/part_dos.o
 .text.print_efiname
                0x0000000090011764       0x3c disk/part_efi.o
 .text.part_test_efi
                0x00000000900117a0       0x80 disk/part_efi.o
 .text.prepare_backup_gpt_header
                0x0000000090011820      0x158 disk/part_efi.o
 .text.validate_gpt_header
                0x0000000090011978      0x160 disk/part_efi.o
 .text.is_gpt_valid
                0x0000000090011ad8      0x210 disk/part_efi.o
 .text.write_one_gpt_table
                0x0000000090011ce8       0x42 disk/part_efi.o
 .text.is_pte_valid.part.0
                0x0000000090011d2a       0x22 disk/part_efi.o
 .text.find_valid_gpt
                0x0000000090011d4c       0x32 disk/part_efi.o
 *fill*         0x0000000090011d7e        0x2 
 .text.part_get_info_efi
                0x0000000090011d80      0x138 disk/part_efi.o
 .text.partition_entries_offset.isra.0
                0x0000000090011eb8       0x44 disk/part_efi.o
 .text.part_print_efi
                0x0000000090011efc      0x194 disk/part_efi.o
 .text.get_disk_guid
                0x0000000090012090       0x58 disk/part_efi.o
                0x0000000090012090                get_disk_guid
 .text.write_gpt_table
                0x00000000900120e8      0x1e6 disk/part_efi.o
                0x00000000900120e8                write_gpt_table
 *fill*         0x00000000900122ce        0x2 
 .text.gpt_fill_pte
                0x00000000900122d0      0x248 disk/part_efi.o
                0x00000000900122d0                gpt_fill_pte
 .text.gpt_fill_header
                0x0000000090012518      0x166 disk/part_efi.o
                0x0000000090012518                gpt_fill_header
 .text.gpt_restore
                0x000000009001267e       0xaa disk/part_efi.o
                0x000000009001267e                gpt_restore
 .text.gpt_verify_headers
                0x0000000090012728       0x86 disk/part_efi.o
                0x0000000090012728                gpt_verify_headers
 .text.gpt_repair_headers
                0x00000000900127ae       0xd8 disk/part_efi.o
                0x00000000900127ae                gpt_repair_headers
 *fill*         0x0000000090012886        0x2 
 .text.gpt_verify_partitions
                0x0000000090012888      0x178 disk/part_efi.o
                0x0000000090012888                gpt_verify_partitions
 .text.blk_post_probe
                0x0000000090012a00       0x98 drivers/block/blk-uclass.o
 .text.blk_get_uclass_name
                0x0000000090012a98       0x28 drivers/block/blk-uclass.o
                0x0000000090012a98                blk_get_uclass_name
 .text.blk_get_devnum_by_uclass_idname
                0x0000000090012ac0       0x84 drivers/block/blk-uclass.o
                0x0000000090012ac0                blk_get_devnum_by_uclass_idname
 .text.blk_select_hwpart
                0x0000000090012b44       0x16 drivers/block/blk-uclass.o
                0x0000000090012b44                blk_select_hwpart
 .text.blk_dselect_hwpart
                0x0000000090012b5a        0x6 drivers/block/blk-uclass.o
                0x0000000090012b5a                blk_dselect_hwpart
 .text.blk_find_device
                0x0000000090012b60       0x50 drivers/block/blk-uclass.o
                0x0000000090012b60                blk_find_device
 .text.blk_get_device
                0x0000000090012bb0       0x16 drivers/block/blk-uclass.o
                0x0000000090012bb0                blk_get_device
 .text.blk_get_devnum_by_uclass_id
                0x0000000090012bc6       0x1a drivers/block/blk-uclass.o
                0x0000000090012bc6                blk_get_devnum_by_uclass_id
 .text.blk_select_hwpart_devnum
                0x0000000090012be0       0x18 drivers/block/blk-uclass.o
                0x0000000090012be0                blk_select_hwpart_devnum
 .text.blk_read
                0x0000000090012bf8       0x6a drivers/block/blk-uclass.o
                0x0000000090012bf8                blk_read
 .text.blk_write
                0x0000000090012c62       0x40 drivers/block/blk-uclass.o
                0x0000000090012c62                blk_write
 .text.blk_erase
                0x0000000090012ca2       0x34 drivers/block/blk-uclass.o
                0x0000000090012ca2                blk_erase
 .text.blk_dread
                0x0000000090012cd6        0x6 drivers/block/blk-uclass.o
                0x0000000090012cd6                blk_dread
 .text.blk_dwrite
                0x0000000090012cdc        0x6 drivers/block/blk-uclass.o
                0x0000000090012cdc                blk_dwrite
 .text.blk_derase
                0x0000000090012ce2        0x6 drivers/block/blk-uclass.o
                0x0000000090012ce2                blk_derase
 .text.blk_find_max_devnum
                0x0000000090012ce8       0x46 drivers/block/blk-uclass.o
                0x0000000090012ce8                blk_find_max_devnum
 .text.blk_next_free_devnum
                0x0000000090012d2e       0x18 drivers/block/blk-uclass.o
                0x0000000090012d2e                blk_next_free_devnum
 *fill*         0x0000000090012d46        0x2 
 .text.blk_create_devicef
                0x0000000090012d48      0x11c drivers/block/blk-uclass.o
                0x0000000090012d48                blk_create_devicef
 .text.blkcache_read
                0x0000000090012e64       0x94 drivers/block/blkcache.o
                0x0000000090012e64                blkcache_read
 .text.blkcache_fill
                0x0000000090012ef8       0xc0 drivers/block/blkcache.o
                0x0000000090012ef8                blkcache_fill
 .text.blkcache_invalidate
                0x0000000090012fb8       0x64 drivers/block/blkcache.o
                0x0000000090012fb8                blkcache_invalidate
 .text.blkcache_configure
                0x000000009001301c       0x30 drivers/block/blkcache.o
                0x000000009001301c                blkcache_configure
 .text.blkcache_stats
                0x000000009001304c       0x18 drivers/block/blkcache.o
                0x000000009001304c                blkcache_stats
 .text.clk_clean_rate_cache
                0x0000000090013064       0x30 drivers/clk/clk-uclass.o
 .text.clk_request
                0x0000000090013094       0x16 drivers/clk/clk-uclass.o
                0x0000000090013094                clk_request
 .text.clk_get_by_index_tail.isra.0.part.0
                0x00000000900130aa       0x4c drivers/clk/clk-uclass.o
 *fill*         0x00000000900130f6        0x2 
 .text.clk_get_by_index_nodev
                0x00000000900130f8       0x30 drivers/clk/clk-uclass.o
                0x00000000900130f8                clk_get_by_index_nodev
 .text.clk_get_by_index
                0x0000000090013128        0x6 drivers/clk/clk-uclass.o
                0x0000000090013128                clk_get_by_index
 *fill*         0x000000009001312e        0x2 
 .text.clk_get_by_indexed_prop.isra.0
                0x0000000090013130       0x2c drivers/clk/clk-uclass.o
 .text.clk_get_rate
                0x000000009001315c       0x1c drivers/clk/clk-uclass.o
                0x000000009001315c                clk_get_rate
 .text.clk_set_rate
                0x0000000090013178       0x2e drivers/clk/clk-uclass.o
                0x0000000090013178                clk_set_rate
 .text.clk_set_parent
                0x00000000900131a6       0x1c drivers/clk/clk-uclass.o
                0x00000000900131a6                clk_set_parent
 *fill*         0x00000000900131c2        0x2 
 .text.clk_set_defaults
                0x00000000900131c4      0x168 drivers/clk/clk-uclass.o
                0x00000000900131c4                clk_set_defaults
 .text.clk_uclass_post_probe
                0x000000009001332c        0xc drivers/clk/clk-uclass.o
                0x000000009001332c                clk_uclass_post_probe
 .text.clk_enable
                0x0000000090013338       0x1c drivers/clk/clk-uclass.o
                0x0000000090013338                clk_enable
 .text.clk_disable
                0x0000000090013354       0x1c drivers/clk/clk-uclass.o
                0x0000000090013354                clk_disable
 .text.dummy_enable
                0x0000000090013370        0x4 drivers/clk/clk_fixed_rate.o
 .text.clk_fixed_rate_raw_get_rate
                0x0000000090013374        0x4 drivers/clk/clk_fixed_rate.o
 .text.clk_fixed_rate_get_rate
                0x0000000090013378        0xc drivers/clk/clk_fixed_rate.o
 .text.clk_fixed_rate_ofdata_to_plat_
                0x0000000090013384       0x28 drivers/clk/clk_fixed_rate.o
                0x0000000090013384                clk_fixed_rate_ofdata_to_plat_
 .text.clk_fixed_rate_of_to_plat
                0x00000000900133ac       0x14 drivers/clk/clk_fixed_rate.o
 .text.clk_fixed_factor_get_rate
                0x00000000900133c0       0x20 drivers/clk/clk_fixed_factor.o
 .text.clk_fixed_factor_of_to_plat
                0x00000000900133e0       0x3c drivers/clk/clk_fixed_factor.o
 .text.stm32_get_apb_psc
                0x000000009001341c       0x44 drivers/clk/stm32/clk-stm32h7.o
 .text.stm32_clk_of_xlate
                0x0000000090013460       0x1c drivers/clk/stm32/clk-stm32h7.o
 .text.stm32_clk_enable
                0x000000009001347c       0x30 drivers/clk/stm32/clk-stm32h7.o
 .text.stm32_get_rate
                0x00000000900134ac       0x7c drivers/clk/stm32/clk-stm32h7.o
 .text.stm32_get_timer_rate.isra.0
                0x0000000090013528       0x88 drivers/clk/stm32/clk-stm32h7.o
 .text.stm32_clk_get_rate
                0x00000000900135b0      0x1c0 drivers/clk/stm32/clk-stm32h7.o
 .text.configure_clocks
                0x0000000090013770      0x114 drivers/clk/stm32/clk-stm32h7.o
                0x0000000090013770                configure_clocks
 .text.stm32_clk_probe
                0x0000000090013884       0x88 drivers/clk/stm32/clk-stm32h7.o
 .text.alloc_priv
                0x000000009001390c       0x38 drivers/core/device.o
 .text.device_bind_common.isra.0
                0x0000000090013944      0x1f8 drivers/core/device.o
 .text.device_bind_with_driver_data
                0x0000000090013b3c       0x16 drivers/core/device.o
                0x0000000090013b3c                device_bind_with_driver_data
 .text.device_bind
                0x0000000090013b52       0x16 drivers/core/device.o
                0x0000000090013b52                device_bind
 .text.device_bind_by_name
                0x0000000090013b68       0x44 drivers/core/device.o
                0x0000000090013b68                device_bind_by_name
 .text.device_of_to_plat
                0x0000000090013bac       0xaa drivers/core/device.o
                0x0000000090013bac                device_of_to_plat
 *fill*         0x0000000090013c56        0x2 
 .text.device_probe
                0x0000000090013c58      0x11c drivers/core/device.o
                0x0000000090013c58                device_probe
 .text.dev_get_plat
                0x0000000090013d74        0x6 drivers/core/device.o
                0x0000000090013d74                dev_get_plat
 .text.dev_get_parent_plat
                0x0000000090013d7a        0x6 drivers/core/device.o
                0x0000000090013d7a                dev_get_parent_plat
 .text.dev_get_uclass_plat
                0x0000000090013d80        0x6 drivers/core/device.o
                0x0000000090013d80                dev_get_uclass_plat
 .text.dev_get_priv
                0x0000000090013d86        0x6 drivers/core/device.o
                0x0000000090013d86                dev_get_priv
 .text.dev_get_uclass_priv
                0x0000000090013d8c        0x6 drivers/core/device.o
                0x0000000090013d8c                dev_get_uclass_priv
 .text.dev_get_parent_priv
                0x0000000090013d92        0x6 drivers/core/device.o
                0x0000000090013d92                dev_get_parent_priv
 .text.device_get_decendent_count
                0x0000000090013d98       0x26 drivers/core/device.o
                0x0000000090013d98                device_get_decendent_count
 .text.device_find_first_child_by_uclass
                0x0000000090013dbe       0x32 drivers/core/device.o
                0x0000000090013dbe                device_find_first_child_by_uclass
 .text.device_find_child_by_namelen
                0x0000000090013df0       0x4c drivers/core/device.o
                0x0000000090013df0                device_find_child_by_namelen
 .text.device_find_child_by_name
                0x0000000090013e3c       0x1e drivers/core/device.o
                0x0000000090013e3c                device_find_child_by_name
 .text.dev_get_parent
                0x0000000090013e5a        0x4 drivers/core/device.o
                0x0000000090013e5a                dev_get_parent
 .text.dev_get_driver_data
                0x0000000090013e5e        0x4 drivers/core/device.o
                0x0000000090013e5e                dev_get_driver_data
 .text.device_get_uclass_id
                0x0000000090013e62        0x8 drivers/core/device.o
                0x0000000090013e62                device_get_uclass_id
 .text.device_set_name_alloced
                0x0000000090013e6a        0xa drivers/core/device.o
                0x0000000090013e6a                device_set_name_alloced
 .text.dev_set_priv
                0x0000000090013e74        0x4 drivers/core/device.o
                0x0000000090013e74                dev_set_priv
 .text.dev_set_parent_priv
                0x0000000090013e78        0x4 drivers/core/device.o
                0x0000000090013e78                dev_set_parent_priv
 .text.dev_set_uclass_priv
                0x0000000090013e7c        0x4 drivers/core/device.o
                0x0000000090013e7c                dev_set_uclass_priv
 .text.dev_set_plat
                0x0000000090013e80        0x4 drivers/core/device.o