Archive member included to satisfy reference by file (symbol)

arch/arm/cpu/armv7m/cpu.o     (--whole-archive)
arch/arm/cpu/armv7m/cache.o   (--whole-archive)
arch/arm/cpu/armv7m/mpu.o     (--whole-archive)
arch/arm/lib/vectors_m.o      (--whole-archive)
arch/arm/lib/crt0.o           (--whole-archive)
arch/arm/lib/setjmp.o         (--whole-archive)
arch/arm/lib/relocate.o       (--whole-archive)
arch/arm/lib/cmd_boot.o       (--whole-archive)
arch/arm/lib/bootm-fdt.o      (--whole-archive)
arch/arm/lib/bootm.o          (--whole-archive)
arch/arm/lib/zimage.o         (--whole-archive)
arch/arm/lib/memset.o         (--whole-archive)
arch/arm/lib/memcpy.o         (--whole-archive)
arch/arm/lib/bdinfo.o         (--whole-archive)
arch/arm/lib/sections.o       (--whole-archive)
arch/arm/lib/stack.o          (--whole-archive)
arch/arm/lib/interrupts_m.o   (--whole-archive)
arch/arm/lib/reset.o          (--whole-archive)
arch/arm/lib/cache.o          (--whole-archive)
arch/arm/lib/psci-dt.o        (--whole-archive)
arch/arm/mach-stm32/soc.o     (--whole-archive)
board/st/stm32h750-art-pi/stm32h750-art-pi.o
                              (--whole-archive)
boot/bootm.o                  (--whole-archive)
boot/bootm_os.o               (--whole-archive)
boot/pxe_utils.o              (--whole-archive)
boot/image.o                  (--whole-archive)
boot/image-board.o            (--whole-archive)
boot/bootdev-uclass.o         (--whole-archive)
boot/bootflow.o               (--whole-archive)
boot/bootmeth-uclass.o        (--whole-archive)
boot/bootstd-uclass.o         (--whole-archive)
boot/bootmeth_extlinux.o      (--whole-archive)
boot/fdt_support.o            (--whole-archive)
boot/image-fdt.o              (--whole-archive)
boot/image-fit.o              (--whole-archive)
boot/vbe.o                    (--whole-archive)
boot/vbe_request.o            (--whole-archive)
boot/vbe_simple.o             (--whole-archive)
boot/vbe_simple_os.o          (--whole-archive)
cmd/boot.o                    (--whole-archive)
cmd/bootm.o                   (--whole-archive)
cmd/help.o                    (--whole-archive)
cmd/panic.o                   (--whole-archive)
cmd/version.o                 (--whole-archive)
cmd/blk_common.o              (--whole-archive)
cmd/bootflow.o                (--whole-archive)
cmd/source.o                  (--whole-archive)
cmd/bdinfo.o                  (--whole-archive)
cmd/blkcache.o                (--whole-archive)
cmd/bootz.o                   (--whole-archive)
cmd/cache.o                   (--whole-archive)
cmd/console.o                 (--whole-archive)
cmd/dm.o                      (--whole-archive)
cmd/echo.o                    (--whole-archive)
cmd/elf.o                     (--whole-archive)
cmd/exit.o                    (--whole-archive)
cmd/ext4.o                    (--whole-archive)
cmd/ext2.o                    (--whole-archive)
cmd/fat.o                     (--whole-archive)
cmd/fdt.o                     (--whole-archive)
cmd/fs.o                      (--whole-archive)
cmd/itest.o                   (--whole-archive)
cmd/load.o                    (--whole-archive)
cmd/mem.o                     (--whole-archive)
cmd/sleep.o                   (--whole-archive)
cmd/mmc.o                     (--whole-archive)
cmd/nvedit.o                  (--whole-archive)
cmd/part.o                    (--whole-archive)
cmd/pinmux.o                  (--whole-archive)
cmd/sysboot.o                 (--whole-archive)
cmd/timer.o                   (--whole-archive)
cmd/test.o                    (--whole-archive)
cmd/ximg.o                    (--whole-archive)
cmd/gpt.o                     (--whole-archive)
common/init/board_init.o      (--whole-archive)
common/main.o                 (--whole-archive)
common/memtop.o               (--whole-archive)
common/exports.o              (--whole-archive)
common/cli_getch.o            (--whole-archive)
common/cli_simple.o           (--whole-archive)
common/cli_readline.o         (--whole-archive)
common/cli_hush.o             (--whole-archive)
common/autoboot.o             (--whole-archive)
common/version.o              (--whole-archive)
common/board_f.o              (--whole-archive)
common/board_r.o              (--whole-archive)
common/board_info.o           (--whole-archive)
common/splash.o               (--whole-archive)
common/menu.o                 (--whole-archive)
common/console.o              (--whole-archive)
common/dlmalloc.o             (--whole-archive)
common/malloc_simple.o        (--whole-archive)
common/event.o                (--whole-archive)
common/hash.o                 (--whole-archive)
common/memsize.o              (--whole-archive)
common/stdio.o                (--whole-archive)
common/cli.o                  (--whole-archive)
common/command.o              (--whole-archive)
common/s_record.o             (--whole-archive)
common/xyzModem.o             (--whole-archive)
disk/part.o                   (--whole-archive)
[...]
Memory Configuration

Name             Origin             Length             Attributes
*default*        0x0000000000000000 0xffffffffffffffff

Linker script and memory map

Address of section .text set to 0x90000000
                0x0000000000000000                . = 0x0
                0x0000000000000000                . = ALIGN (0x4)
                0x0000000090000000                __image_copy_start = ADDR (.text)

.text           0x0000000090000000      0x402
 *(.vectors)
 .vectors       0x0000000090000000      0x3fc arch/arm/lib/vectors_m.o
                0x0000000090000000                _start
 arch/arm/cpu/armv7m/start.o(.text*)
 .text          0x00000000900003fc        0x6 arch/arm/cpu/armv7m/start.o
                0x00000000900003fc                reset
                0x0000000090000400                c_runtime_cpu_setup

.glue_7         0x0000000090000404        0x0
 .glue_7        0x0000000090000404        0x0 linker stubs

.glue_7t        0x0000000090000404        0x0
 .glue_7t       0x0000000090000404        0x0 linker stubs

.vfp11_veneer   0x0000000090000404        0x0
 .vfp11_veneer  0x0000000090000404        0x0 linker stubs

.v4_bx          0x0000000090000404        0x0
 .v4_bx         0x0000000090000404        0x0 linker stubs

.iplt           0x0000000090000404        0x0
 .iplt          0x0000000090000404        0x0 arch/arm/cpu/armv7m/start.o

.efi_runtime    0x0000000090000402        0x0
                0x0000000090000402                __efi_runtime_start = .
 *(.text.efi_runtime*)
 *(.rodata.efi_runtime*)
 *(.data.efi_runtime*)
                0x0000000090000402                __efi_runtime_stop = .

.text_rest      0x0000000090000420    0x2994c
 *(.text*)
 .text.cleanup_before_linux
                0x0000000090000420       0x1a arch/arm/cpu/armv7m/cpu.o
                0x0000000090000420                cleanup_before_linux
 *fill*         0x000000009000043a        0x2 
 .text.reset_cpu
                0x000000009000043c       0x24 arch/arm/cpu/armv7m/cpu.o
                0x000000009000043c                reset_cpu
 .text.get_cline_size
                0x0000000090000460       0x34 arch/arm/cpu/armv7m/cache.o
 .text.action_dcache_all
                0x0000000090000494       0x64 arch/arm/cpu/armv7m/cache.o
 .text.dcache_status
                0x00000000900004f8       0x14 arch/arm/cpu/armv7m/cache.o
                0x00000000900004f8                dcache_status
 .text.dcache_enable
                0x000000009000050c       0x38 arch/arm/cpu/armv7m/cache.o
                0x000000009000050c                dcache_enable
 .text.dcache_disable
                0x0000000090000544       0x38 arch/arm/cpu/armv7m/cache.o
                0x0000000090000544                dcache_disable
 .text.invalidate_dcache_range
                0x000000009000057c       0x3c arch/arm/cpu/armv7m/cache.o
                0x000000009000057c                invalidate_dcache_range
 .text.flush_dcache_range
                0x00000000900005b8       0x3c arch/arm/cpu/armv7m/cache.o
                0x00000000900005b8                flush_dcache_range
 .text.flush_dcache_all
                0x00000000900005f4       0x1c arch/arm/cpu/armv7m/cache.o
                0x00000000900005f4                flush_dcache_all
 .text.invalidate_dcache_all
                0x0000000090000610       0x1c arch/arm/cpu/armv7m/cache.o
                0x0000000090000610                invalidate_dcache_all
 .text.invalidate_icache_all
                0x000000009000062c       0x18 arch/arm/cpu/armv7m/cache.o
                0x000000009000062c                invalidate_icache_all
 .text.icache_status
                0x0000000090000644       0x14 arch/arm/cpu/armv7m/cache.o
                0x0000000090000644                icache_status
 .text.icache_enable
                0x0000000090000658       0x24 arch/arm/cpu/armv7m/cache.o
                0x0000000090000658                icache_enable
 .text.icache_disable
                0x000000009000067c       0x20 arch/arm/cpu/armv7m/cache.o
                0x000000009000067c                icache_disable
 .text.enable_caches
                0x000000009000069c        0xe arch/arm/cpu/armv7m/cache.o
                0x000000009000069c                enable_caches
 *fill*         0x00000000900006aa        0x2 
 .text.disable_mpu
                0x00000000900006ac       0x10 arch/arm/cpu/armv7m/mpu.o
                0x00000000900006ac                disable_mpu
 .text.enable_mpu
                0x00000000900006bc       0x18 arch/arm/cpu/armv7m/mpu.o
                0x00000000900006bc                enable_mpu
 .text.mpu_config
                0x00000000900006d4       0x4c arch/arm/cpu/armv7m/mpu.o
                0x00000000900006d4                mpu_config
 .text          0x0000000090000720       0x1e arch/arm/lib/vectors_m.o
 *fill*         0x000000009000073e        0x2 
 .text          0x0000000090000740       0x80 arch/arm/lib/crt0.o
                0x0000000090000740                _main
 .text.relocate_vectors
                0x00000000900007c0       0x64 arch/arm/lib/relocate.o
                0x00000000900007c0                relocate_vectors
                0x00000000900007cc                relocate_code
 .text.do_go_exec
                0x0000000090000824        0xc arch/arm/lib/cmd_boot.o
                0x0000000090000824                do_go_exec
 .text.arch_fixup_fdt
                0x0000000090000830       0x24 arch/arm/lib/bootm-fdt.o
                0x0000000090000830                arch_fixup_fdt
 .text.board_quiesce_devices
                0x0000000090000854        0x2 arch/arm/lib/bootm.o
                0x0000000090000854                board_quiesce_devices
 *fill*         0x0000000090000856        0x2 
 .text.boot_jump_linux
                0x0000000090000858       0x84 arch/arm/lib/bootm.o
 .text.board_prep_linux
                0x00000000900008dc        0x2 arch/arm/lib/bootm.o
                0x00000000900008dc                board_prep_linux
 *fill*         0x00000000900008de        0x2 
 .text.boot_prep_linux
                0x00000000900008e0       0x38 arch/arm/lib/bootm.o
 .text.do_bootm_linux
                0x0000000090000918       0x44 arch/arm/lib/bootm.o
                0x0000000090000918                do_bootm_linux
 .text.boot_prep_vxworks
                0x000000009000095c       0x34 arch/arm/lib/bootm.o
                0x000000009000095c                boot_prep_vxworks
 .text.boot_jump_vxworks
                0x0000000090000990        0xa arch/arm/lib/bootm.o
                0x0000000090000990                boot_jump_vxworks
 *fill*         0x000000009000099a        0x2 
 .text.bootz_setup
                0x000000009000099c       0x90 arch/arm/lib/zimage.o
                0x000000009000099c                bootz_setup
 *fill*         0x0000000090000a2c       0x14 
 .text          0x0000000090000a40       0xa0 arch/arm/lib/memset.o
                0x0000000090000a40                memset
 .text          0x0000000090000ae0      0x264 arch/arm/lib/memcpy.o
                0x0000000090000ae0                memcpy
 .text.arch_setup_bdinfo
                0x0000000090000d44        0x4 arch/arm/lib/bdinfo.o
                0x0000000090000d44                arch_setup_bdinfo
 .text.arch_print_bdinfo
                0x0000000090000d48       0x54 arch/arm/lib/bdinfo.o
                0x0000000090000d48                arch_print_bdinfo
 .text.arch_reserve_stacks
                0x0000000090000d9c       0x16 arch/arm/lib/stack.o
                0x0000000090000d9c                arch_reserve_stacks
 .text.interrupt_init
                0x0000000090000db2        0x4 arch/arm/lib/interrupts_m.o
                0x0000000090000db2                interrupt_init
 .text.enable_interrupts
                0x0000000090000db6        0x2 arch/arm/lib/interrupts_m.o
                0x0000000090000db6                enable_interrupts
 .text.disable_interrupts
                0x0000000090000db8        0x4 arch/arm/lib/interrupts_m.o
                0x0000000090000db8                disable_interrupts
 .text.dump_regs
                0x0000000090000dbc       0x30 arch/arm/lib/interrupts_m.o
                0x0000000090000dbc                dump_regs
 .text.bad_mode
                0x0000000090000dec        0xc arch/arm/lib/interrupts_m.o
                0x0000000090000dec                bad_mode
 .text.do_hard_fault
                0x0000000090000df8       0x18 arch/arm/lib/interrupts_m.o
                0x0000000090000df8                do_hard_fault
 .text.do_mm_fault
                0x0000000090000e10       0x18 arch/arm/lib/interrupts_m.o
                0x0000000090000e10                do_mm_fault
 .text.do_bus_fault
                0x0000000090000e28       0x18 arch/arm/lib/interrupts_m.o
                0x0000000090000e28                do_bus_fault
 .text.do_usage_fault
                0x0000000090000e40       0x18 arch/arm/lib/interrupts_m.o
                0x0000000090000e40                do_usage_fault
 .text.do_invalid_entry
                0x0000000090000e58       0x18 arch/arm/lib/interrupts_m.o
                0x0000000090000e58                do_invalid_entry
 .text.reset_misc
                0x0000000090000e70        0x2 arch/arm/lib/reset.o
                0x0000000090000e70                reset_misc
 *fill*         0x0000000090000e72        0x2 
 .text.do_reset
                0x0000000090000e74       0x20 arch/arm/lib/reset.o
                0x0000000090000e74                do_reset
 .text.flush_cache
                0x0000000090000e94        0x6 arch/arm/lib/cache.o
                0x0000000090000e94                flush_cache
 .text.arm_reserve_mmu
                0x0000000090000e9a       0x2e arch/arm/lib/cache.o
                0x0000000090000e9a                arm_reserve_mmu
 .text.arch_reserve_mmu
                0x0000000090000ec8        0x4 arch/arm/lib/cache.o
                0x0000000090000ec8                arch_reserve_mmu
 .text.arch_cpu_init
                0x0000000090000ecc       0x38 arch/arm/mach-stm32/soc.o
                0x0000000090000ecc                arch_cpu_init
 .text.dram_init
                0x0000000090000f04       0x20 board/st/stm32h750-art-pi/stm32h750-art-pi.o
                0x0000000090000f04                dram_init
 .text.dram_init_banksize
                0x0000000090000f24        0xa board/st/stm32h750-art-pi/stm32h750-art-pi.o
                0x0000000090000f24                dram_init_banksize
 .text.board_early_init_f
                0x0000000090000f2e        0x4 board/st/stm32h750-art-pi/stm32h750-art-pi.o
                0x0000000090000f2e                board_early_init_f
 .text.board_late_init
                0x0000000090000f32        0x4 board/st/stm32h750-art-pi/stm32h750-art-pi.o
                0x0000000090000f32                board_late_init
 .text.board_init
                0x0000000090000f36        0x4 board/st/stm32h750-art-pi/stm32h750-art-pi.o
                0x0000000090000f36                board_init
 *fill*         0x0000000090000f3a        0x2 
 .text.check_overlap.part.0
                0x0000000090000f3c       0x3c boot/bootm.o
 .text.bootm_find_images
                0x0000000090000f78       0xbc boot/bootm.o
                0x0000000090000f78                bootm_find_images
 .text.bootm_disable_interrupts
                0x0000000090001034        0x4 boot/bootm.o
                0x0000000090001034                bootm_disable_interrupts
 .text.bootm_run_states
                0x0000000090001038      0x5f4 boot/bootm.o
                0x0000000090001038                bootm_run_states
 .text.bootm_run
                0x000000009000162c       0x10 boot/bootm.o
                0x000000009000162c                bootm_run
 .text.bootz_run
                0x000000009000163c       0x10 boot/bootm.o
                0x000000009000163c                bootz_run
 .text.bootm_init
                0x000000009000164c       0x1c boot/bootm.o
                0x000000009000164c                bootm_init
 .text.do_bootm_rtems
                0x0000000090001668       0x2c boot/bootm_os.o
 .text.do_bootm_vxworks
                0x0000000090001694      0x144 boot/bootm_os.o
                0x0000000090001694                do_bootm_vxworks
 .text.do_bootm_elf
                0x00000000900017d8       0x20 boot/bootm_os.o
 .text.copy_args
                0x00000000900017f8       0x34 boot/bootm_os.o
 .text.do_bootm_plan9
                0x000000009000182c       0x64 boot/bootm_os.o
 .text.do_bootm_standalone
                0x0000000090001890       0x2c boot/bootm_os.o
 .text.do_bootm_qnxelf
                0x00000000900018bc       0x58 boot/bootm_os.o
 .text.do_bootm_netbsd
                0x0000000090001914       0xa4 boot/bootm_os.o
 .text.arch_preboot_os
                0x00000000900019b8        0x2 boot/bootm_os.o
                0x00000000900019b8                arch_preboot_os
 .text.board_preboot_os
                0x00000000900019ba        0x2 boot/bootm_os.o
                0x00000000900019ba                board_preboot_os
 .text.boot_selected_os
                0x00000000900019bc       0x30 boot/bootm_os.o
                0x00000000900019bc                boot_selected_os
 .text.bootm_os_get_boot_func
                0x00000000900019ec        0xc boot/bootm_os.o
                0x00000000900019ec                bootm_os_get_boot_func
 .text.eol_or_eof
                0x00000000900019f8       0x12 boot/pxe_utils.o
 *fill*         0x0000000090001a0a        0x2 
 .text.label_print
                0x0000000090001a0c       0x14 boot/pxe_utils.o
 .text.get_relfile
                0x0000000090001a20       0x9c boot/pxe_utils.o
 .text.get_relfile_envaddr
                0x0000000090001abc       0x38 boot/pxe_utils.o
 .text.label_destroy
                0x0000000090001af4       0x44 boot/pxe_utils.o
 .text.get_string
                0x0000000090001b38       0x74 boot/pxe_utils.o
 .text.get_token
                0x0000000090001bac       0x98 boot/pxe_utils.o
 .text.parse_sliteral
                0x0000000090001c44       0x34 boot/pxe_utils.o
 .text.parse_integer
                0x0000000090001c78       0x44 boot/pxe_utils.o
 .text.label_boot
                0x0000000090001cbc      0x560 boot/pxe_utils.o
 .text.get_pxe_file
                0x000000009000221c       0x1a boot/pxe_utils.o
                0x000000009000221c                get_pxe_file
 *fill*         0x0000000090002236        0x2 
 .text.handle_include
                0x0000000090002238       0x68 boot/pxe_utils.o
 .text.parse_pxefile_top
                0x00000000900022a0      0x3b0 boot/pxe_utils.o
 .text.destroy_pxe_menu
                0x0000000090002650       0x38 boot/pxe_utils.o
                0x0000000090002650                destroy_pxe_menu
 .text.parse_pxefile
                0x0000000090002688       0x68 boot/pxe_utils.o
                0x0000000090002688                parse_pxefile
 .text.handle_pxe_menu
                0x00000000900026f0      0x124 boot/pxe_utils.o
                0x00000000900026f0                handle_pxe_menu
 .text.pxe_setup_ctx
                0x0000000090002814       0x7c boot/pxe_utils.o
                0x0000000090002814                pxe_setup_ctx
 .text.pxe_destroy_ctx
                0x0000000090002890        0x6 boot/pxe_utils.o
                0x0000000090002890                pxe_destroy_ctx
 *fill*         0x0000000090002896        0x2 
 .text.pxe_process
                0x0000000090002898       0x34 boot/pxe_utils.o
                0x0000000090002898                pxe_process
 .text.image_check_hcrc
                0x00000000900028cc       0x2a boot/image.o
                0x00000000900028cc                image_check_hcrc
 .text.image_check_dcrc
                0x00000000900028f6       0x22 boot/image.o
                0x00000000900028f6                image_check_dcrc
 .text.image_multi_count
                0x0000000090002918       0x12 boot/image.o
                0x0000000090002918                image_multi_count
 .text.image_multi_getimg
                0x000000009000292a       0x4a boot/image.o
                0x000000009000292a                image_multi_getimg
 .text.get_table_entry
                0x0000000090002974       0x12 boot/image.o
                0x0000000090002974                get_table_entry
 .text.get_table_entry_name
                0x0000000090002986       0x12 boot/image.o
                0x0000000090002986                get_table_entry_name
 .text.genimg_get_os_name
                0x0000000090002998       0x14 boot/image.o
                0x0000000090002998                genimg_get_os_name
 .text.genimg_get_arch_name
                0x00000000900029ac       0x14 boot/image.o
                0x00000000900029ac                genimg_get_arch_name
 .text.genimg_get_type_name
                0x00000000900029c0       0x14 boot/image.o
                0x00000000900029c0                genimg_get_type_name
 .text.image_decomp
                0x00000000900029d4       0xb0 boot/image.o
                0x00000000900029d4                image_decomp
 .text.genimg_get_comp_name
                0x0000000090002a84       0x14 boot/image.o
                0x0000000090002a84                genimg_get_comp_name
 .text.image_print_contents
                0x0000000090002a98      0x114 boot/image.o
                0x0000000090002a98                image_print_contents
 .text.get_table_entry_id
                0x0000000090002bac       0x26 boot/image.o
                0x0000000090002bac                get_table_entry_id
 *fill*         0x0000000090002bd2        0x2 
 .text.genimg_get_os_id
                0x0000000090002bd4       0x14 boot/image.o
                0x0000000090002bd4                genimg_get_os_id
 .text.genimg_get_arch_id
                0x0000000090002be8       0x14 boot/image.o
                0x0000000090002be8                genimg_get_arch_id
 .text.genimg_get_type_id
                0x0000000090002bfc       0x14 boot/image.o
                0x0000000090002bfc                genimg_get_type_id
 .text.genimg_get_comp_id
                0x0000000090002c10       0x14 boot/image.o
                0x0000000090002c10                genimg_get_comp_id
 .text.genimg_get_phase_id
                0x0000000090002c24       0x14 boot/image.o
                0x0000000090002c24                genimg_get_phase_id
 .text.on_loadaddr
                0x0000000090002c38       0x1c boot/image-board.o
 .text.env_get_bootm_low
                0x0000000090002c54       0x20 boot/image-board.o
                0x0000000090002c54                env_get_bootm_low
 .text.env_get_bootm_mapsize
                0x0000000090002c74       0x20 boot/image-board.o
                0x0000000090002c74                env_get_bootm_mapsize
 .text.memmove_wd
                0x0000000090002c94        0xa boot/image-board.o
                0x0000000090002c94                memmove_wd
 *fill*         0x0000000090002c9e        0x2 
 .text.genimg_get_kernel_addr_fit
                0x0000000090002ca0       0x3c boot/image-board.o
                0x0000000090002ca0                genimg_get_kernel_addr_fit
 .text.genimg_get_kernel_addr
                0x0000000090002cdc       0x16 boot/image-board.o
                0x0000000090002cdc                genimg_get_kernel_addr
 *fill*         0x0000000090002cf2        0x2 
 .text.genimg_get_format
                0x0000000090002cf4       0x20 boot/image-board.o
                0x0000000090002cf4                genimg_get_format
 .text.genimg_has_config
                0x0000000090002d14        0xa boot/image-board.o
                0x0000000090002d14                genimg_has_config
 *fill*         0x0000000090002d1e        0x2 
 .text.boot_get_ramdisk
                0x0000000090002d20      0x208 boot/image-board.o
                0x0000000090002d20                boot_get_ramdisk
 .text.boot_ramdisk_high
                0x0000000090002f28       0xb4 boot/image-board.o
                0x0000000090002f28                boot_ramdisk_high
 .text.boot_get_setup
                0x0000000090002fdc        0x4 boot/image-board.o
                0x0000000090002fdc                boot_get_setup
 .text.boot_get_loadable
                0x0000000090002fe0       0xec boot/image-board.o
                0x0000000090002fe0                boot_get_loadable
 .text.image_setup_linux
                0x00000000900030cc       0x32 boot/image-board.o
                0x00000000900030cc                image_setup_linux
 *fill*         0x00000000900030fe        0x2 
 .text.genimg_print_size
                0x0000000090003100       0x24 boot/image-board.o
                0x0000000090003100                genimg_print_size
 .text.image_locate_script
                0x0000000090003124      0x1b0 boot/image-board.o
                0x0000000090003124                image_locate_script
 .text.bootdev_post_bind
                0x00000000900032d4        0xe boot/bootdev-uclass.o
 *fill*         0x00000000900032e2        0x2 
 .text.bootdev_hunt_drv
                0x00000000900032e4       0x60 boot/bootdev-uclass.o
 .text.bootdev_get_suffix_start.isra.0
                0x0000000090003344       0x2e boot/bootdev-uclass.o
 .text.bootdev_add_bootflow
                0x0000000090003372       0x50 boot/bootdev-uclass.o
                0x0000000090003372                bootdev_add_bootflow
 *fill*         0x00000000900033c2        0x2 
 .text.bootdev_find_in_blk
                0x00000000900033c4      0x128 boot/bootdev-uclass.o
                0x00000000900033c4                bootdev_find_in_blk
 .text.bootdev_setup_for_sibling_blk
                0x00000000900034ec       0x94 boot/bootdev-uclass.o
                0x00000000900034ec                bootdev_setup_for_sibling_blk
 .text.bootdev_get_sibling_blk
                0x0000000090003580       0x6c boot/bootdev-uclass.o
                0x0000000090003580                bootdev_get_sibling_blk
 .text.bootdev_find_by_label
                0x00000000900035ec      0x100 boot/bootdev-uclass.o
                0x00000000900035ec                bootdev_find_by_label
 .text.bootdev_get_bootflow
                0x00000000900036ec       0x4a boot/bootdev-uclass.o
                0x00000000900036ec                bootdev_get_bootflow
 .text.bootdev_clear_bootflows
                0x0000000090003736       0x16 boot/bootdev-uclass.o
                0x0000000090003736                bootdev_clear_bootflows
 .text.bootdev_pre_unbind
                0x000000009000374c        0xa boot/bootdev-uclass.o
 *fill*         0x0000000090003756        0x2 
 .text.bootdev_hunt
                0x0000000090003758       0xa8 boot/bootdev-uclass.o
                0x0000000090003758                bootdev_hunt
 .text.bootdev_hunt_and_find_by_label
                0x0000000090003800       0x20 boot/bootdev-uclass.o
                0x0000000090003800                bootdev_hunt_and_find_by_label
 .text.bootdev_next_label
                0x0000000090003820       0x74 boot/bootdev-uclass.o
                0x0000000090003820                bootdev_next_label
 .text.bootdev_hunt_prio
                0x0000000090003894       0x4c boot/bootdev-uclass.o
                0x0000000090003894                bootdev_hunt_prio
 .text.bootdev_next_prio
                0x00000000900038e0       0x6a boot/bootdev-uclass.o
                0x00000000900038e0                bootdev_next_prio
 *fill*         0x000000009000394a        0x2 
 .text.bootdev_setup_iter
                0x000000009000394c      0x108 boot/bootdev-uclass.o
                0x000000009000394c                bootdev_setup_iter
 .text.bootflow_check
                0x0000000090003a54       0x34 boot/bootflow.o
 .text.bootflow_iter_init
                0x0000000090003a88       0x1c boot/bootflow.o
                0x0000000090003a88                bootflow_iter_init
 .text.bootflow_iter_uninit
                0x0000000090003aa4        0x6 boot/bootflow.o
                0x0000000090003aa4                bootflow_iter_uninit
 .text.bootflow_scan_next
                0x0000000090003aaa      0x126 boot/bootflow.o
                0x0000000090003aaa                bootflow_scan_next
 .text.bootflow_scan_first
                0x0000000090003bd0       0x8a boot/bootflow.o
                0x0000000090003bd0                bootflow_scan_first
 .text.bootflow_init
                0x0000000090003c5a       0x1a boot/bootflow.o
                0x0000000090003c5a                bootflow_init
 .text.bootflow_free
                0x0000000090003c74       0x38 boot/bootflow.o
                0x0000000090003c74                bootflow_free
 .text.bootflow_remove
                0x0000000090003cac       0x34 boot/bootflow.o
                0x0000000090003cac                bootflow_remove
 .text.bootflow_boot
                0x0000000090003ce0       0x20 boot/bootflow.o
                0x0000000090003ce0                bootflow_boot
 .text.bootflow_run_boot
                0x0000000090003d00       0x2c boot/bootflow.o
                0x0000000090003d00                bootflow_run_boot
 .text.bootflow_iter_check_blk
                0x0000000090003d2c       0x28 boot/bootflow.o
                0x0000000090003d2c                bootflow_iter_check_blk
 .text.bootmeth_check
                0x0000000090003d54        0xe boot/bootmeth-uclass.o
                0x0000000090003d54                bootmeth_check
 .text.bootmeth_read_bootflow
                0x0000000090003d62       0x10 boot/bootmeth-uclass.o
                0x0000000090003d62                bootmeth_read_bootflow
 .text.bootmeth_boot
                0x0000000090003d72       0x10 boot/bootmeth-uclass.o
                0x0000000090003d72                bootmeth_boot
 .text.bootmeth_read_file
                0x0000000090003d82       0x18 boot/bootmeth-uclass.o
                0x0000000090003d82                bootmeth_read_file
 .text.bootmeth_get_bootflow
                0x0000000090003d9a       0x2a boot/bootmeth-uclass.o
                0x0000000090003d9a                bootmeth_get_bootflow
 .text.bootmeth_setup_iter_order
                0x0000000090003dc4       0xc0 boot/bootmeth-uclass.o
                0x0000000090003dc4                bootmeth_setup_iter_order
 .text.bootmeth_setup_fs
                0x0000000090003e84        0xe boot/bootmeth-uclass.o
                0x0000000090003e84                bootmeth_setup_fs
 *fill*         0x0000000090003e92        0x2 
 .text.bootmeth_try_file
                0x0000000090003e94       0x64 boot/bootmeth-uclass.o
                0x0000000090003e94                bootmeth_try_file
 .text.bootmeth_alloc_file
                0x0000000090003ef8       0x28 boot/bootmeth-uclass.o
                0x0000000090003ef8                bootmeth_alloc_file
 .text.bootmeth_common_read_file
                0x0000000090003f20       0x78 boot/bootmeth-uclass.o
                0x0000000090003f20                bootmeth_common_read_file
 .text.bootstd_of_to_plat
                0x0000000090003f98        0xa boot/bootstd-uclass.o
 .text.bootstd_probe
                0x0000000090003fa2       0x12 boot/bootstd-uclass.o
 .text.bootstd_remove
                0x0000000090003fb4       0x2a boot/bootstd-uclass.o
 *fill*         0x0000000090003fde        0x2 
 .text.bootstd_get_bootdev_order
                0x0000000090003fe0       0x38 boot/bootstd-uclass.o
                0x0000000090003fe0                bootstd_get_bootdev_order
 .text.bootstd_get_prefixes
                0x0000000090004018       0x18 boot/bootstd-uclass.o
                0x0000000090004018                bootstd_get_prefixes
 .text.bootstd_get_priv
                0x0000000090004030       0x1e boot/bootstd-uclass.o
                0x0000000090004030                bootstd_get_priv
 .text.bootstd_clear_glob
                0x000000009000404e       0x22 boot/bootstd-uclass.o
                0x000000009000404e                bootstd_clear_glob
 .text.dm_scan_other
                0x0000000090004070       0xac boot/bootstd-uclass.o
                0x0000000090004070                dm_scan_other
 .text.extlinux_get_state_desc
                0x000000009000411c        0x4 boot/bootmeth_extlinux.o
 .text.extlinux_set_property
                0x0000000090004120       0x60 boot/bootmeth_extlinux.o
 .text.extlinux_boot
                0x0000000090004180       0x54 boot/bootmeth_extlinux.o
 .text.extlinux_getfile
                0x00000000900041d4       0x2c boot/bootmeth_extlinux.o
 .text.extlinux_bootmeth_bind
                0x0000000090004200       0x14 boot/bootmeth_extlinux.o
 .text.extlinux_read_bootflow
                0x0000000090004214       0xd8 boot/bootmeth_extlinux.o
 .text.extlinux_check
                0x00000000900042ec        0x6 boot/bootmeth_extlinux.o
 .text.of_bus_default_map
                0x00000000900042f2       0x7a boot/fdt_support.o
 .text.fdt_pack_reg
                0x000000009000436c       0xb2 boot/fdt_support.o
 .text.of_bus_default_translate
                0x000000009000441e       0x66 boot/fdt_support.o
 .text.fdt_support_default_count_cells
                0x0000000090004484       0x34 boot/fdt_support.o
                0x0000000090004484                fdt_support_default_count_cells
 .text.__of_translate_address
                0x00000000900044b8      0x178 boot/fdt_support.o
 .text.fdt_find_and_setprop
                0x0000000090004630       0x48 boot/fdt_support.o
                0x0000000090004630                fdt_find_and_setprop
 .text.fdt_find_or_add_subnode
                0x0000000090004678       0x40 boot/fdt_support.o
                0x0000000090004678                fdt_find_or_add_subnode
 .text.fdt_root
                0x00000000900046b8       0x60 boot/fdt_support.o
                0x00000000900046b8                fdt_root
 .text.fdt_initrd
                0x0000000090004718      0x114 boot/fdt_support.o
                0x0000000090004718                fdt_initrd
 .text.board_fdt_chosen_bootargs
                0x000000009000482c        0xc boot/fdt_support.o
                0x000000009000482c                board_fdt_chosen_bootargs
 .text.fdt_chosen
                0x0000000090004838       0xa0 boot/fdt_support.o
                0x0000000090004838                fdt_chosen
 .text.do_fixup_by_path
                0x00000000900048d8       0x34 boot/fdt_support.o
                0x00000000900048d8                do_fixup_by_path
 .text.fdt_fixup_memory_banks
                0x000000009000490c       0xe8 boot/fdt_support.o
                0x000000009000490c                fdt_fixup_memory_banks
 .text.fdt_fixup_memory
                0x00000000900049f4       0x16 boot/fdt_support.o
                0x00000000900049f4                fdt_fixup_memory
 *fill*         0x0000000090004a0a        0x2 
 .text.fdt_fixup_ethernet
                0x0000000090004a0c      0x104 boot/fdt_support.o
                0x0000000090004a0c                fdt_fixup_ethernet
 .text.fdt_shrink_to_minimum
                0x0000000090004b10       0x8e boot/fdt_support.o
                0x0000000090004b10                fdt_shrink_to_minimum
 *fill*         0x0000000090004b9e        0x2 
 .text.fdt_translate_address
                0x0000000090004ba0        0xc boot/fdt_support.o
                0x0000000090004ba0                fdt_translate_address
 .text.fdt_translate_dma_address
                0x0000000090004bac        0xc boot/fdt_support.o
                0x0000000090004bac                fdt_translate_dma_address
 .text.fdt_get_dma_range
                0x0000000090004bb8      0x120 boot/fdt_support.o
                0x0000000090004bb8                fdt_get_dma_range
 .text.fdt_overlay_apply_verbose
                0x0000000090004cd8       0x4c boot/fdt_support.o
                0x0000000090004cd8                fdt_overlay_apply_verbose
 .text.fdt_valid
                0x0000000090004d24       0x74 boot/fdt_support.o
                0x0000000090004d24                fdt_valid
 .text.fdt_error
                0x0000000090004d98       0x24 boot/image-fdt.o
 .text.boot_fdt_reserve_region
                0x0000000090004dbc       0x40 boot/image-fdt.o
 .text.boot_fdt_add_mem_rsv_regions
                0x0000000090004dfc       0xc8 boot/image-fdt.o
                0x0000000090004dfc                boot_fdt_add_mem_rsv_regions
 .text.boot_relocate_fdt
                0x0000000090004ec4      0x164 boot/image-fdt.o
                0x0000000090004ec4                boot_relocate_fdt
 .text.boot_get_fdt
                0x0000000090005028      0x234 boot/image-fdt.o
                0x0000000090005028                boot_get_fdt
 .text.ft_verify_fdt
                0x000000009000525c        0x4 boot/image-fdt.o
                0x000000009000525c                ft_verify_fdt
 .text.image_setup_libfdt
                0x0000000090005260       0xf8 boot/image-fdt.o
                0x0000000090005260                image_setup_libfdt
 .text.fit_image_get_address
                0x0000000090005358       0x48 boot/image-fit.o
 .text.fit_parse_conf
                0x00000000900053a0       0x38 boot/image-fit.o
                0x00000000900053a0                fit_parse_conf
 .text.fit_parse_subimage
                0x00000000900053d8       0x38 boot/image-fit.o
                0x00000000900053d8                fit_parse_subimage
 .text.fit_get_desc
                0x0000000090005410       0x20 boot/image-fit.o
                0x0000000090005410                fit_get_desc
 .text.fit_image_get_node
                0x0000000090005430       0x24 boot/image-fit.o
                0x0000000090005430                fit_image_get_node
 .text.fit_image_get_os
                0x0000000090005454       0x28 boot/image-fit.o
                0x0000000090005454                fit_image_get_os
 .text.fit_image_get_arch
                0x000000009000547c       0x28 boot/image-fit.o
                0x000000009000547c                fit_image_get_arch
 .text.fit_image_get_type
                0x00000000900054a4       0x28 boot/image-fit.o
                0x00000000900054a4                fit_image_get_type
 .text.fit_image_get_comp
                0x00000000900054cc       0x24 boot/image-fit.o
                0x00000000900054cc                fit_image_get_comp
 .text.fit_image_get_phase
                0x00000000900054f0       0x2c boot/image-fit.o
                0x00000000900054f0                fit_image_get_phase
 .text.fit_image_get_load
                0x000000009000551c        0xc boot/image-fit.o
                0x000000009000551c                fit_image_get_load
 .text.fit_image_get_entry
                0x0000000090005528        0xc boot/image-fit.o
                0x0000000090005528                fit_image_get_entry
 .text.fit_image_get_data
                0x0000000090005534       0x28 boot/image-fit.o
                0x0000000090005534                fit_image_get_data
 .text.fit_image_get_data_offset
                0x000000009000555c       0x24 boot/image-fit.o
                0x000000009000555c                fit_image_get_data_offset
 .text.fit_image_get_data_position
                0x0000000090005580       0x24 boot/image-fit.o
                0x0000000090005580                fit_image_get_data_position
 .text.fit_image_get_data_size
                0x00000000900055a4       0x24 boot/image-fit.o
                0x00000000900055a4                fit_image_get_data_size
 .text.fit_image_get_data_and_size
                0x00000000900055c8       0x56 boot/image-fit.o
                0x00000000900055c8                fit_image_get_data_and_size
 *fill*         0x000000009000561e        0x2 
 .text.fit_image_hash_get_algo
                0x0000000090005620       0x20 boot/image-fit.o
                0x0000000090005620                fit_image_hash_get_algo
 .text.fit_image_hash_get_value
                0x0000000090005640       0x28 boot/image-fit.o
                0x0000000090005640                fit_image_hash_get_value
 .text.fit_image_print_data
                0x0000000090005668       0xfc boot/image-fit.o
 .text.fit_image_print_verification_data
                0x0000000090005764       0x60 boot/image-fit.o
 .text.fit_image_print
                0x00000000900057c4      0x200 boot/image-fit.o
                0x00000000900057c4                fit_image_print
 .text.fit_print_contents
                0x00000000900059c4      0x2b0 boot/image-fit.o
                0x00000000900059c4                fit_print_contents
 .text.fit_get_end
                0x0000000090005c74        0x8 boot/image-fit.o
                0x0000000090005c74                fit_get_end
 .text.calculate_hash
                0x0000000090005c7c       0x36 boot/image-fit.o
                0x0000000090005c7c                calculate_hash
 *fill*         0x0000000090005cb2        0x2 
 .text.fit_image_verify_with_data
                0x0000000090005cb4      0x140 boot/image-fit.o
                0x0000000090005cb4                fit_image_verify_with_data
 .text.fit_image_verify
                0x0000000090005df4       0x54 boot/image-fit.o
                0x0000000090005df4                fit_image_verify
 .text.fit_all_image_verify
                0x0000000090005e48       0xa0 boot/image-fit.o
                0x0000000090005e48                fit_all_image_verify
 .text.fit_image_check_os
                0x0000000090005ee8       0x20 boot/image-fit.o
                0x0000000090005ee8                fit_image_check_os
 .text.fit_image_check_type
                0x0000000090005f08       0x20 boot/image-fit.o
                0x0000000090005f08                fit_image_check_type
 .text.fit_image_check_comp
                0x0000000090005f28       0x20 boot/image-fit.o
                0x0000000090005f28                fit_image_check_comp
 .text.fit_check_format
                0x0000000090005f48       0x60 boot/image-fit.o
                0x0000000090005f48                fit_check_format
 .text.fit_conf_get_node
                0x0000000090005fa8       0x78 boot/image-fit.o
                0x0000000090005fa8                fit_conf_get_node
 .text.fit_conf_get_prop_node_index
                0x0000000090006020       0x20 boot/image-fit.o
                0x0000000090006020                fit_conf_get_prop_node_index
 .text.fit_conf_get_prop_node
                0x0000000090006040       0x64 boot/image-fit.o
                0x0000000090006040                fit_conf_get_prop_node
 .text.fit_get_node_from_config
                0x00000000900060a4       0x2c boot/image-fit.o
                0x00000000900060a4                fit_get_node_from_config
 .text.fit_image_load
                0x00000000900060d0      0x404 boot/image-fit.o
                0x00000000900060d0                fit_image_load
 .text.boot_get_setup_fit
                0x00000000900064d4       0x40 boot/image-fit.o
                0x00000000900064d4                boot_get_setup_fit
 .text.boot_get_fdt_fit
                0x0000000090006514      0x244 boot/image-fit.o
                0x0000000090006514                boot_get_fdt_fit
 .text.vbe_find_next_device
                0x0000000090006758       0x30 boot/vbe.o
                0x0000000090006758                vbe_find_next_device
 .text.vbe_find_first_device
                0x0000000090006788       0x30 boot/vbe.o
                0x0000000090006788                vbe_find_first_device
 .text.vbe_req_random_seed
                0x00000000900067b8        0x8 boot/vbe_request.o
 .text.bootmeth_vbe_ft_fixup
                0x00000000900067c0      0x1a0 boot/vbe_request.o
 .text.vbe_req_aslr_rand
                0x0000000090006960        0x8 boot/vbe_request.o
 .text.vbe_req_efi_runtime_rand
                0x0000000090006968        0x8 boot/vbe_request.o
 .text.vbe_req_aslr_move
                0x0000000090006970        0x8 boot/vbe_request.o
 .text.vbe_simple_read_bootflow
                0x0000000090006978        0x6 boot/vbe_simple.o
 .text.vbe_simple_read_file
                0x000000009000697e       0x16 boot/vbe_simple.o
 .text.bootmeth_vbe_simple_probe
                0x0000000090006994       0xa8 boot/vbe_simple.o
 .text.bootmeth_vbe_simple_bind
                0x0000000090006a3c       0x18 boot/vbe_simple.o
 .text.vbe_simple_read_state
                0x0000000090006a54      0x118 boot/vbe_simple.o
                0x0000000090006a54                vbe_simple_read_state
 .text.vbe_simple_get_state_desc
                0x0000000090006b6c       0x3c boot/vbe_simple.o
 .text.vbe_simple_fixup_node
                0x0000000090006ba8       0x64 boot/vbe_simple_os.o
                0x0000000090006ba8                vbe_simple_fixup_node
 .text.bootmeth_vbe_simple_ft_fixup
                0x0000000090006c0c       0xb0 boot/vbe_simple_os.o
 .text.do_go    0x0000000090006cbc       0x4c cmd/boot.o
 .text.do_bootd
                0x0000000090006d08       0x18 cmd/bootm.o
                0x0000000090006d08                do_bootd
 .text.image_info
                0x0000000090006d20       0xc8 cmd/bootm.o
 .text.do_bootm
                0x0000000090006de8       0xd4 cmd/bootm.o
                0x0000000090006de8                do_bootm
 .text.do_iminfo
                0x0000000090006ebc       0x3c cmd/bootm.o
 .text.do_help  0x0000000090006ef8       0x2c cmd/help.o
 .text.do_panic
                0x0000000090006f24       0x14 cmd/panic.o
 .text.do_version
                0x0000000090006f38       0x1a cmd/version.o
 *fill*         0x0000000090006f52        0x2 
 .text.complete_bootflow
                0x0000000090006f54       0x1c cmd/bootflow.o
 .text.do_bootflow_scan
                0x0000000090006f70       0x90 cmd/bootflow.o
 .text.do_bootflow
                0x0000000090007000       0x58 cmd/bootflow.o
 .text.do_source
                0x0000000090007058       0x64 cmd/source.o
 .text.bdinfo_print_num_l
                0x00000000900070bc       0x10 cmd/bdinfo.o
                0x00000000900070bc                bdinfo_print_num_l
 .text.bdinfo_print_num_ll
                0x00000000900070cc       0x1c cmd/bdinfo.o
                0x00000000900070cc                bdinfo_print_num_ll
 .text.do_bdinfo
                0x00000000900070e8      0x124 cmd/bdinfo.o
                0x00000000900070e8                do_bdinfo
 .text.do_blkcache
                0x000000009000720c       0x3c cmd/blkcache.o
 .text.blkc_configure
                0x0000000090007248       0x40 cmd/blkcache.o
 .text.blkc_show
                0x0000000090007288       0x28 cmd/blkcache.o
 .text.do_bootz
                0x00000000900072b0       0xd8 cmd/bootz.o
                0x00000000900072b0                do_bootz
 .text.parse_argv
                0x0000000090007388       0x3c cmd/cache.o
 .text.do_icache
                0x00000000900073c4       0x5c cmd/cache.o
 .text.do_dcache
                0x0000000090007420       0x5c cmd/cache.o
 .text.do_coninfo
                0x000000009000747c       0x90 cmd/console.o
 .text.do_dm_dump_devres
                0x000000009000750c        0x4 cmd/dm.o
 .text.complete_dm
                0x0000000090007510       0x1c cmd/dm.o
 .text.do_dm_dump_uclass
                0x000000009000752c       0x38 cmd/dm.o
 .text.do_dm_dump_tree
                0x0000000090007564       0x64 cmd/dm.o
 .text.do_dm_dump_static_driver_info
                0x00000000900075c8        0xa cmd/dm.o
 .text.do_dm_dump_drivers
                0x00000000900075d2        0xa cmd/dm.o
 .text.do_dm_dump_driver_compat
                0x00000000900075dc        0xa cmd/dm.o
 *fill*         0x00000000900075e6        0x2 
 .text.do_dm    0x00000000900075e8       0x58 cmd/dm.o
 .text.do_echo  0x0000000090007640       0x4c cmd/echo.o
 .text.do_bootelf
                0x000000009000768c       0xa4 cmd/elf.o
                0x000000009000768c                do_bootelf
 .text.do_bootvx
                0x0000000090007730      0x200 cmd/elf.o
                0x0000000090007730                do_bootvx
 .text.do_exit  0x0000000090007930       0x20 cmd/exit.o
 .text.do_ext4_size
                0x0000000090007950        0xe cmd/ext4.o
                0x0000000090007950                do_ext4_size
 .text.do_ext4_load
                0x000000009000795e        0xe cmd/ext4.o
                0x000000009000795e                do_ext4_load
 .text.do_ext4_ls
                0x000000009000796c        0xe cmd/ext4.o
                0x000000009000796c                do_ext4_ls
 .text.do_ext4_write
                0x000000009000797a        0xe cmd/ext4.o
                0x000000009000797a                do_ext4_write
 .text.do_ext2load
                0x0000000090007988        0xe cmd/ext2.o
                0x0000000090007988                do_ext2load
 .text.do_ext2ls
                0x0000000090007996        0xe cmd/ext2.o
 .text.do_fat_size
                0x00000000900079a4        0xe cmd/fat.o
 .text.do_fat_fsload
                0x00000000900079b2        0xe cmd/fat.o
                0x00000000900079b2                do_fat_fsload
 .text.do_fat_ls
                0x00000000900079c0        0xe cmd/fat.o
 *fill*         0x00000000900079ce        0x2 
 .text.do_fat_fsinfo
                0x00000000900079d0       0x54 cmd/fat.o
 .text.is_printable_string.part.0
                0x0000000090007a24       0x44 cmd/fdt.o
 .text.print_data.part.0
                0x0000000090007a68      0x120 cmd/fdt.o
 .text.set_working_fdt_addr
                0x0000000090007b88       0x28 cmd/fdt.o
                0x0000000090007b88                set_working_fdt_addr
 .text.do_fdt   0x0000000090007bb0      0xb84 cmd/fdt.o
 .text.do_size_wrapper
                0x0000000090008734        0xe cmd/fs.o
 .text.do_load_wrapper
                0x0000000090008742        0xe cmd/fs.o
 .text.do_save_wrapper
                0x0000000090008750        0xe cmd/fs.o
 .text.do_ls_wrapper
                0x000000009000875e        0xe cmd/fs.o
 .text.do_ln_wrapper
                0x000000009000876c        0xe cmd/fs.o
 .text.do_fstype_wrapper
                0x000000009000877a        0x4 cmd/fs.o
 .text.do_fstypes_wrapper
                0x000000009000877e        0x4 cmd/fs.o
 .text.evalexp  0x0000000090008782       0x48 cmd/itest.o
 .text.evalstr  0x00000000900087ca       0x3a cmd/itest.o
 .text.binary_test
                0x0000000090008804       0xf4 cmd/itest.o
 .text.do_itest
                0x00000000900088f8       0x4c cmd/itest.o
 .text.bin_data_init
                0x0000000090008944       0x1c cmd/load.o
 .text.k_data_save
                0x0000000090008960       0x34 cmd/load.o
 .text.k_data_restore
                0x0000000090008994       0x34 cmd/load.o
 .text.getcxmodem
                0x00000000900089c8       0x16 cmd/load.o
 *fill*         0x00000000900089de        0x2 
 .text.load_serial_ymodem
                0x00000000900089e0       0xa4 cmd/load.o
 .text.bin_data_char
                0x0000000090008a84       0x1c cmd/load.o
 .text.chk1.constprop.0
                0x0000000090008aa0       0x20 cmd/load.o
 .text.s1_sendpacket.constprop.0
                0x0000000090008ac0       0x34 cmd/load.o
 .text.load_serial
                0x0000000090008af4      0x150 cmd/load.o
 .text.do_load_serial
                0x0000000090008c44       0x8c cmd/load.o
 .text.do_load_serial_bin
                0x0000000090008cd0      0x55c cmd/load.o
 .text.do_mem_md
                0x000000009000922c       0x9c cmd/mem.o
 .text.do_mem_base
                0x00000000900092c8       0x28 cmd/mem.o
 .text.do_mem_crc
                0x00000000900092f0       0x2c cmd/mem.o
 .text.do_random
                0x000000009000931c       0x90 cmd/mem.o
 .text.do_mem_mw
                0x00000000900093ac       0x74 cmd/mem.o
 .text.do_mem_loop
                0x0000000090009420       0x7e cmd/mem.o
 *fill*         0x000000009000949e        0x2 
 .text.do_mem_cmp
                0x00000000900094a0       0xe4 cmd/mem.o
 .text.mod_mem.isra.0.part.0
                0x0000000090009584       0xe8 cmd/mem.o
 .text.do_mem_mm
                0x000000009000966c       0x12 cmd/mem.o
 *fill*         0x000000009000967e        0x2 
 .text.do_mem_cp
                0x0000000090009680       0x68 cmd/mem.o
 .text.do_mem_nm
                0x00000000900096e8       0x12 cmd/mem.o
 .text.do_sleep
                0x00000000900096fa       0x80 cmd/sleep.o
 *fill*         0x000000009000977a        0x2 
 .text.do_mmcops
                0x000000009000977c       0x84 cmd/mmc.o
 .text.parse_hwpart_user_enh_size
                0x0000000090009800       0xa0 cmd/mmc.o
 .text.do_mmc_list
                0x00000000900098a0        0xc cmd/mmc.o
 .text.print_mmcinfo
                0x00000000900098ac      0x334 cmd/mmc.o
 .text.do_mmc_setdsr
                0x0000000090009be0       0x70 cmd/mmc.o
 .text.__init_mmc_device.isra.0
                0x0000000090009c50       0x48 cmd/mmc.o
 .text.do_mmc_rescan
                0x0000000090009c98       0x34 cmd/mmc.o
 .text.do_mmc_hwpartition
                0x0000000090009ccc      0x3b4 cmd/mmc.o
 .text.do_mmc_dev
                0x000000009000a080       0xf0 cmd/mmc.o
 .text.do_mmc_boot_wp
                0x000000009000a170       0x5c cmd/mmc.o
 .text.do_mmcinfo
                0x000000009000a1cc       0x3c cmd/mmc.o
 .text.do_mmc_part
                0x000000009000a208       0x38 cmd/mmc.o
 .text.do_mmc_erase
                0x000000009000a240       0xc4 cmd/mmc.o
 .text.do_mmc_write
                0x000000009000a304       0xa8 cmd/mmc.o
 .text.do_mmc_read
                0x000000009000a3ac       0x94 cmd/mmc.o
 .text.do_env   0x000000009000a440       0x3c cmd/nvedit.o
 .text.do_env_set
                0x000000009000a47c       0x16 cmd/nvedit.o
 *fill*         0x000000009000a492        0x2 
 .text.env_print
                0x000000009000a494       0x78 cmd/nvedit.o
 .text.do_env_print
                0x000000009000a50c       0x78 cmd/nvedit.o
 .text.do_env_import
                0x000000009000a584      0x1ac cmd/nvedit.o
 .text.do_env_export
                0x000000009000a730      0x154 cmd/nvedit.o
 .text.do_env_delete
                0x000000009000a884       0x64 cmd/nvedit.o
 .text.do_env_default
                0x000000009000a8e8       0x64 cmd/nvedit.o
 .text.do_env_exists
                0x000000009000a94c       0x40 cmd/nvedit.o
 .text.do_env_edit.part.0
                0x000000009000a98c       0x6c cmd/nvedit.o
 .text.do_env_edit
                0x000000009000a9f8       0x1c cmd/nvedit.o
 .text.do_part_list
                0x000000009000aa14       0xf0 cmd/part.o
 .text.do_part_info
                0x000000009000ab04       0xb0 cmd/part.o
 .text.do_part  0x000000009000abb4      0x198 cmd/part.o
 .text.do_pinmux
                0x000000009000ad4c       0x40 cmd/pinmux.o
 .text.do_list  0x000000009000ad8c       0x64 cmd/pinmux.o
 .text.show_pinmux
                0x000000009000adf0       0xc0 cmd/pinmux.o
 .text.do_status
                0x000000009000aeb0       0x90 cmd/pinmux.o
 .text.do_dev   0x000000009000af40       0x54 cmd/pinmux.o
 .text.do_sysboot
                0x000000009000af94      0x140 cmd/sysboot.o
 .text.sysboot_read_file
                0x000000009000b0d4       0x42 cmd/sysboot.o
 *fill*         0x000000009000b116        0x2 
 .text.do_timer
                0x000000009000b118       0x64 cmd/timer.o
 .text.do_false
                0x000000009000b17c        0x4 cmd/test.o
 .text.do_true  0x000000009000b180        0x4 cmd/test.o
 .text.do_test  0x000000009000b184      0x200 cmd/test.o
 .text.do_imgextract
                0x000000009000b384      0x270 cmd/ximg.o
 .text.extract_val
                0x000000009000b5f4       0x6c cmd/gpt.o
 .text.extract_env
                0x000000009000b660       0xa0 cmd/gpt.o
 .text.gpt_enumerate
                0x000000009000b700       0xc0 cmd/gpt.o
 .text.set_gpt_info.isra.0.constprop.0
                0x000000009000b7c0      0x350 cmd/gpt.o
 .text.do_gpt   0x000000009000bb10      0x31c cmd/gpt.o
 .text.board_init_f_alloc_reserve
                0x000000009000be2c        0xc common/init/board_init.o
                0x000000009000be2c                board_init_f_alloc_reserve
 .text.board_init_f_init_reserve
                0x000000009000be38       0x14 common/init/board_init.o
                0x000000009000be38                board_init_f_init_reserve
 .text.main_loop
                0x000000009000be4c       0x30 common/main.o
                0x000000009000be4c                main_loop
 .text.mdelay   0x000000009000be7c        0xa common/exports.o
 .text.dummy    0x000000009000be86        0x2 common/exports.o
 .text.get_version
                0x000000009000be88        0x4 common/exports.o
                0x000000009000be88                get_version
 .text.jumptable_init
                0x000000009000be8c      0x170 common/exports.o
                0x000000009000be8c                jumptable_init
 .text.cli_ch_init
                0x000000009000bffc        0x8 common/cli_getch.o
                0x000000009000bffc                cli_ch_init
 .text.cli_ch_process
                0x000000009000c004      0x12c common/cli_getch.o
                0x000000009000c004                cli_ch_process
 .text.cli_simple_process_macros
                0x000000009000c130      0x134 common/cli_simple.o
                0x000000009000c130                cli_simple_process_macros
 .text.delete_char.part.0
                0x000000009000c264       0x84 common/cli_readline.o
 .text.cread_line_process_ch
                0x000000009000c2e8      0x3b8 common/cli_readline.o
                0x000000009000c2e8                cread_line_process_ch
 .text.cli_cread_init
                0x000000009000c6a0       0x70 common/cli_readline.o
                0x000000009000c6a0                cli_cread_init
 .text.cli_readline_into_buffer
                0x000000009000c710      0x2b8 common/cli_readline.o
                0x000000009000c710                cli_readline_into_buffer
 .text.cli_readline
                0x000000009000c9c8       0x10 common/cli_readline.o
                0x000000009000c9c8                cli_readline
 .text.b_reset  0x000000009000c9d8        0xe common/cli_hush.o
 .text.static_get
                0x000000009000c9e6       0x12 common/cli_hush.o
 .text.static_peek
                0x000000009000c9f8        0x6 common/cli_hush.o
 *fill*         0x000000009000c9fe        0x2 
 .text.mapset   0x000000009000ca00       0x14 common/cli_hush.o
 .text.free_pipe_list
                0x000000009000ca14       0x90 common/cli_hush.o
 .text.syntax_err
                0x000000009000caa4        0xc common/cli_hush.o
 .text.xmalloc  0x000000009000cab0       0x18 common/cli_hush.o
 .text.new_pipe
                0x000000009000cac8       0x16 common/cli_hush.o
 *fill*         0x000000009000cade        0x2 
 .text.xrealloc
                0x000000009000cae0       0x18 common/cli_hush.o
 .text.done_command
                0x000000009000caf8       0x42 common/cli_hush.o
 .text.done_pipe
                0x000000009000cb3a       0x2c common/cli_hush.o
 *fill*         0x000000009000cb66        0x2 
 .text.done_word
                0x000000009000cb68      0x1c0 common/cli_hush.o
 .text.is_assignment
                0x000000009000cd28       0x30 common/cli_hush.o
 .text.file_get
                0x000000009000cd58      0x138 common/cli_hush.o
 .text.do_showvar
                0x000000009000ce90       0xa0 common/cli_hush.o
 .text.b_addchr
                0x000000009000cf30       0x42 common/cli_hush.o
 *fill*         0x000000009000cf72        0x2 
 .text.b_addqchr
                0x000000009000cf74       0x30 common/cli_hush.o
 .text.file_peek
                0x000000009000cfa4        0x6 common/cli_hush.o
 *fill*         0x000000009000cfaa        0x2 
 .text.get_local_var
                0x000000009000cfac       0x58 common/cli_hush.o
                0x000000009000cfac                get_local_var
 .text.unset_local_var
                0x000000009000d004       0x5c common/cli_hush.o
                0x000000009000d004                unset_local_var
 .text.set_local_var
                0x000000009000d060       0xfc common/cli_hush.o
                0x000000009000d060                set_local_var
 .text.insert_var_value_sub
                0x000000009000d15c      0x1bc common/cli_hush.o
 .text.parse_string_outer
                0x000000009000d318       0x9c common/cli_hush.o
                0x000000009000d318                parse_string_outer
 .text.run_list_real
                0x000000009000d3b4      0x4d8 common/cli_hush.o
 .text.parse_stream_outer
                0x000000009000d88c      0x42c common/cli_hush.o
 .text.parse_file_outer
                0x000000009000dcb8       0x38 common/cli_hush.o
                0x000000009000dcb8                parse_file_outer
 .text.u_boot_hush_start
                0x000000009000dcf0       0x30 common/cli_hush.o
                0x000000009000dcf0                u_boot_hush_start
 .text.bootdelay_process
                0x000000009000dd20       0x74 common/autoboot.o
                0x000000009000dd20                bootdelay_process
 .text.autoboot_command
                0x000000009000dd94      0x164 common/autoboot.o
                0x000000009000dd94                autoboot_command
 .text.bloblist_maybe_init
                0x000000009000def8        0x4 common/board_f.o
 .text.display_text_info
                0x000000009000defc        0x4 common/board_f.o
 .text.setup_mon_len
                0x000000009000df00       0x18 common/board_f.o
 .text.reserve_round_4k
                0x000000009000df18       0x14 common/board_f.o
 .text.reserve_uboot
                0x000000009000df2c       0x30 common/board_f.o
 .text.checkcpu
                0x000000009000df5c        0x4 common/board_f.o
                0x000000009000df5c                checkcpu
 .text.setup_reloc
                0x000000009000df60       0x2e common/board_f.o
 .text.reloc_fdt
                0x000000009000df8e       0x2e common/board_f.o
 .text.reserve_board
                0x000000009000dfbc       0x2c common/board_f.o
 .text.announce_dram_init
                0x000000009000dfe8       0x10 common/board_f.o
 .text.init_baud_rate
                0x000000009000dff8       0x1c common/board_f.o
 .text.initf_dm
                0x000000009000e014        0x6 common/board_f.o
 .text.event_init
                0x000000009000e01a        0x4 common/board_f.o
 .text.cyclic_unregister_all
                0x000000009000e01e        0x4 common/board_f.o
 .text.log_init
                0x000000009000e022        0x4 common/board_f.o
 .text.clear_bss
                0x000000009000e026        0x4 common/board_f.o
                0x000000009000e026                clear_bss
 .text.initf_upl
                0x000000009000e02a        0x4 common/board_f.o
 .text.reloc_bootstage
                0x000000009000e02e        0x4 common/board_f.o
 .text.reloc_bloblist
                0x000000009000e032        0x4 common/board_f.o
 .text.initf_bootstage
                0x000000009000e036        0x4 common/board_f.o
 .text.reserve_arch
                0x000000009000e03a        0x4 common/board_f.o
                0x000000009000e03a                reserve_arch
 .text.reserve_bootstage
                0x000000009000e03e        0x4 common/board_f.o
 .text.reserve_bloblist
                0x000000009000e042        0x4 common/board_f.o
 .text.display_new_sp
                0x000000009000e046        0x4 common/board_f.o
 .text.setup_spl_handoff
                0x000000009000e04a        0x4 common/board_f.o
 .text.mach_cpu_init
                0x000000009000e04e        0x4 common/board_f.o
                0x000000009000e04e                mach_cpu_init
 .text.setup_relocaddr_from_bloblist
                0x000000009000e052        0x4 common/board_f.o
 .text.reserve_video
                0x000000009000e056        0x4 common/board_f.o
 .text.reserve_trace
                0x000000009000e05a        0x4 common/board_f.o
 .text.reserve_malloc
                0x000000009000e05e       0x14 common/board_f.o
 .text.reserve_global_data
                0x000000009000e072       0x1a common/board_f.o
 .text.reserve_fdt
                0x000000009000e08c       0x40 common/board_f.o
 .text.coloured_LED_init
                0x000000009000e0cc        0x2 common/board_f.o
                0x000000009000e0cc                coloured_LED_init
 .text.red_led_on
                0x000000009000e0ce        0x2 common/board_f.o
                0x000000009000e0ce                red_led_on
 .text.board_add_ram_info
                0x000000009000e0d0        0x2 common/board_f.o
                0x000000009000e0d0                board_add_ram_info
 *fill*         0x000000009000e0d2        0x2 
 .text.show_dram_config
                0x000000009000e0d4      0x11c common/board_f.o
 .text.board_get_usable_ram_top
                0x000000009000e1f0        0x6 common/board_f.o
                0x000000009000e1f0                board_get_usable_ram_top
 .text.arch_setup_dest_addr
                0x000000009000e1f6        0x4 common/board_f.o
                0x000000009000e1f6                arch_setup_dest_addr
 .text.setup_dest_addr
                0x000000009000e1fa       0x2c common/board_f.o
 .text.reserve_stacks
                0x000000009000e226       0x12 common/board_f.o
 .text.setup_bdinfo
                0x000000009000e238        0x4 common/board_f.o
                0x000000009000e238                setup_bdinfo
 .text.board_init_f
                0x000000009000e23c       0x2c common/board_f.o
                0x000000009000e23c                board_init_f
 .text.event_init
                0x000000009000e268        0x4 common/board_r.o
 .text.cpu_secondary_init_r
                0x000000009000e26c        0x4 common/board_r.o
                0x000000009000e26c                cpu_secondary_init_r
 .text.initr_trace
                0x000000009000e270        0x4 common/board_r.o
 .text.initr_reloc
                0x000000009000e274       0x14 common/board_r.o
 .text.initr_reloc_global_data
                0x000000009000e288       0x28 common/board_r.o
 .text.run_main_loop
                0x000000009000e2b0        0xe common/board_r.o
 *fill*         0x000000009000e2be        0x2 
 .text.initr_env
                0x000000009000e2c0       0x44 common/board_r.o
 .text.initr_mmc
                0x000000009000e304       0x18 common/board_r.o
 .text.dm_announce
                0x000000009000e31c       0x4c common/board_r.o
 .text.initr_lmb
                0x000000009000e368        0x4 common/board_r.o
 .text.initr_dm
                0x000000009000e36c        0xe common/board_r.o
 .text.initr_malloc
                0x000000009000e37a       0x16 common/board_r.o
 .text.initr_caches
                0x000000009000e390        0xa common/board_r.o
 .text.log_init
                0x000000009000e39a        0x4 common/board_r.o
 .text.arch_initr_trap
                0x000000009000e39e        0x4 common/board_r.o
                0x000000009000e39e                arch_initr_trap
 .text.initr_barrier
                0x000000009000e3a2        0x4 common/board_r.o
 .text.initr_of_live
                0x000000009000e3a6        0x4 common/board_r.o
 .text.initr_dm_devices
                0x000000009000e3aa        0x4 common/board_r.o
 .text.initr_bootstage
                0x000000009000e3ae        0x4 common/board_r.o
 .text.power_init_board
                0x000000009000e3b2        0x4 common/board_r.o
                0x000000009000e3b2                power_init_board
 .text.initr_announce
                0x000000009000e3b6        0x4 common/board_r.o
 .text.initr_status_led
                0x000000009000e3ba        0x4 common/board_r.o
 .text.initr_boot_led_blink
                0x000000009000e3be        0x4 common/board_r.o
 .text.initr_boot_led_on
                0x000000009000e3c2        0x4 common/board_r.o
 *fill*         0x000000009000e3c6        0x2 
 .text.board_init_r
                0x000000009000e3c8       0x2c common/board_r.o
                0x000000009000e3c8                board_init_r
 .text.checkboard
                0x000000009000e3f4        0x4 common/board_info.o
                0x000000009000e3f4                checkboard
 .text.show_board_info
                0x000000009000e3f8       0x2c common/board_info.o
                0x000000009000e3f8                show_board_info
 .text.menu_default_set
                0x000000009000e424       0x4a common/menu.o
                0x000000009000e424                menu_default_set
 *fill*         0x000000009000e46e        0x2 
 .text.menu_get_choice
                0x000000009000e470      0x13c common/menu.o
                0x000000009000e470                menu_get_choice
 .text.menu_item_add
                0x000000009000e5ac       0x84 common/menu.o
                0x000000009000e5ac                menu_item_add
 .text.menu_create
                0x000000009000e630       0x5c common/menu.o
                0x000000009000e630                menu_create
 .text.menu_destroy
                0x000000009000e68c       0x44 common/menu.o
                0x000000009000e68c                menu_destroy
 .text.console_puts_select.part.0
                0x000000009000e6d0       0x10 common/console.o
 .text.fgetc.part.0
                0x000000009000e6e0       0x24 common/console.o
 .text.getchar  0x000000009000e704       0x1e common/console.o
                0x000000009000e704                getchar
 *fill*         0x000000009000e722        0x2 
 .text.putc     0x000000009000e724       0x2c common/console.o
                0x000000009000e724                putc
 .text.puts     0x000000009000e750       0x24 common/console.o
                0x000000009000e750                puts
 .text.fflush.part.0
                0x000000009000e774       0x14 common/console.o
 .text.flush    0x000000009000e788       0x22 common/console.o
                0x000000009000e788                flush
 .text.console_start
                0x000000009000e7aa       0x14 common/console.o
                0x000000009000e7aa                console_start
 *fill*         0x000000009000e7be        0x2 
 .text.console_setfile
                0x000000009000e7c0       0x78 common/console.o
 .text.ftstc    0x000000009000e838       0x18 common/console.o
                0x000000009000e838                ftstc
 .text.tstc     0x000000009000e850       0x1e common/console.o
                0x000000009000e850                tstc
 *fill*         0x000000009000e86e        0x2 
 .text.ctrlc    0x000000009000e870       0x34 common/console.o
                0x000000009000e870                ctrlc
 .text.disable_ctrlc
                0x000000009000e8a4       0x10 common/console.o
                0x000000009000e8a4                disable_ctrlc
 .text.had_ctrlc
                0x000000009000e8b4        0xc common/console.o
                0x000000009000e8b4                had_ctrlc
 .text.clear_ctrlc
                0x000000009000e8c0        0xc common/console.o
                0x000000009000e8c0                clear_ctrlc
 .text.console_search_dev
                0x000000009000e8cc       0x16 common/console.o
                0x000000009000e8cc                console_search_dev
 .text.console_assign
                0x000000009000e8e2       0x2a common/console.o
                0x000000009000e8e2                console_assign
 .text.on_console
                0x000000009000e90c       0x6c common/console.o
 .text.console_init_f
                0x000000009000e978       0x14 common/console.o
                0x000000009000e978                console_init_f
 .text.console_init_r
                0x000000009000e98c       0xf4 common/console.o
                0x000000009000e98c                console_init_r
 .text.sbrk     0x000000009000ea80       0x40 common/dlmalloc.o
                0x000000009000ea80                sbrk
 .text.mem_malloc_init
                0x000000009000eac0       0x28 common/dlmalloc.o
                0x000000009000eac0                mem_malloc_init
 .text.malloc_trim
                0x000000009000eae8       0x84 common/dlmalloc.o
                0x000000009000eae8                malloc_trim
 .text.free     0x000000009000eb6c      0x168 common/dlmalloc.o
                0x000000009000eb6c                free
 .text.malloc   0x000000009000ecd4      0x428 common/dlmalloc.o
                0x000000009000ecd4                malloc
 .text.calloc   0x000000009000f0fc       0x9c common/dlmalloc.o
                0x000000009000f0fc                calloc
 .text.realloc  0x000000009000f198      0x2d4 common/dlmalloc.o
                0x000000009000f198                realloc
 .text.memalign
                0x000000009000f46c      0x110 common/dlmalloc.o
                0x000000009000f46c                memalign
 .text.initf_malloc
                0x000000009000f57c       0x14 common/dlmalloc.o
                0x000000009000f57c                initf_malloc
 .text.alloc_simple
                0x000000009000f590       0x44 common/malloc_simple.o
 .text.malloc_simple
                0x000000009000f5d4        0x6 common/malloc_simple.o
                0x000000009000f5d4                malloc_simple
 .text.memalign_simple
                0x000000009000f5da        0xa common/malloc_simple.o
                0x000000009000f5da                memalign_simple
 .text.event_type_name
                0x000000009000f5e4        0x8 common/event.o
                0x000000009000f5e4                event_type_name
 .text.event_notify
                0x000000009000f5ec       0x50 common/event.o
                0x000000009000f5ec                event_notify
 .text.event_notify_null
                0x000000009000f63c        0x8 common/event.o
                0x000000009000f63c                event_notify_null
 .text.hash_finish_crc32
                0x000000009000f644       0x1c common/hash.o
 .text.hash_finish_crc16_ccitt
                0x000000009000f660       0x1c common/hash.o
 .text.hash_update_crc32
                0x000000009000f67c       0x14 common/hash.o
 .text.hash_init_crc32
                0x000000009000f690       0x14 common/hash.o
 .text.hash_init_crc16_ccitt
                0x000000009000f6a4       0x14 common/hash.o
 .text.hash_update_crc16_ccitt
                0x000000009000f6b8       0x14 common/hash.o
 .text.hash_finish_sha256
                0x000000009000f6cc       0x22 common/hash.o
 .text.hash_update_sha256
                0x000000009000f6ee       0x10 common/hash.o
 .text.hash_init_sha256
                0x000000009000f6fe       0x16 common/hash.o
 .text.hash_finish_sha1
                0x000000009000f714       0x22 common/hash.o
 .text.hash_update_sha1
                0x000000009000f736       0x10 common/hash.o
 .text.hash_init_sha1
                0x000000009000f746       0x16 common/hash.o
 .text.hash_lookup_algo
                0x000000009000f75c       0x38 common/hash.o
                0x000000009000f75c                hash_lookup_algo
 .text.hash_command
                0x000000009000f794      0x134 common/hash.o
                0x000000009000f794                hash_command
 .text.get_effective_memsize
                0x000000009000f8c8        0x6 common/memsize.o
                0x000000009000f8c8                get_effective_memsize
 .text.stdio_serial_tstc
                0x000000009000f8ce        0x4 common/stdio.o
 .text.stdio_serial_getc
                0x000000009000f8d2        0x4 common/stdio.o
 .text.stdio_serial_flush
                0x000000009000f8d6        0x4 common/stdio.o
 .text.stdio_serial_puts
                0x000000009000f8da        0x6 common/stdio.o
 .text.stdio_serial_putc
                0x000000009000f8e0        0x6 common/stdio.o
 .text.stdio_file_to_flags
                0x000000009000f8e6       0x14 common/stdio.o
                0x000000009000f8e6                stdio_file_to_flags
 *fill*         0x000000009000f8fa        0x2 
 .text.stdio_get_list
                0x000000009000f8fc        0x8 common/stdio.o
                0x000000009000f8fc                stdio_get_list
 .text.stdio_get_by_name
                0x000000009000f904       0x30 common/stdio.o
                0x000000009000f904                stdio_get_by_name
 .text.stdio_clone
                0x000000009000f934       0x22 common/stdio.o
                0x000000009000f934                stdio_clone
 *fill*         0x000000009000f956        0x2 
 .text.stdio_register_dev
                0x000000009000f958       0x34 common/stdio.o
                0x000000009000f958                stdio_register_dev
 .text.stdio_register
                0x000000009000f98c        0x6 common/stdio.o
                0x000000009000f98c                stdio_register
 *fill*         0x000000009000f992        0x2 
 .text.stdio_init_tables
                0x000000009000f994       0x14 common/stdio.o
                0x000000009000f994                stdio_init_tables
 .text.stdio_add_devices
                0x000000009000f9a8       0x58 common/stdio.o
                0x000000009000f9a8                stdio_add_devices
 .text.run_command
                0x000000009000fa00        0xe common/cli.o
                0x000000009000fa00                run_command
 .text.run_command_list
                0x000000009000fa0e       0x46 common/cli.o
                0x000000009000fa0e                run_command_list
 .text.do_run   0x000000009000fa54       0x4c common/cli.o
                0x000000009000fa54                do_run
 .text.cli_process_fdt
                0x000000009000faa0       0x28 common/cli.o
                0x000000009000faa0                cli_process_fdt
 .text.cli_secure_boot_cmd
                0x000000009000fac8       0x4c common/cli.o
                0x000000009000fac8                cli_secure_boot_cmd
 .text.cli_loop
                0x000000009000fb14       0x24 common/cli.o
                0x000000009000fb14                cli_loop
 .text.cli_init
                0x000000009000fb38       0x3c common/cli.o
                0x000000009000fb38                cli_init
 .text.find_cmd_tbl
                0x000000009000fb74       0x64 common/command.o
                0x000000009000fb74                find_cmd_tbl
 .text.find_cmd
                0x000000009000fbd8       0x1c common/command.o
                0x000000009000fbd8                find_cmd
 .text.cmd_usage
                0x000000009000fbf4       0x3c common/command.o
                0x000000009000fbf4                cmd_usage
 .text._do_help
                0x000000009000fc30      0x108 common/command.o
                0x000000009000fc30                _do_help
 .text.var_complete
                0x000000009000fd38       0x50 common/command.o
                0x000000009000fd38                var_complete
 .text.complete_subcmdv
                0x000000009000fd88      0x10c common/command.o
                0x000000009000fd88                complete_subcmdv
 .text.cmd_auto_complete
                0x000000009000fe94      0x27c common/command.o
                0x000000009000fe94                cmd_auto_complete
 .text.cmd_get_data_size
                0x0000000090010110       0x34 common/command.o
                0x0000000090010110                cmd_get_data_size
 .text.cmd_always_repeatable
                0x0000000090010144       0x10 common/command.o
                0x0000000090010144                cmd_always_repeatable
 .text.cmd_never_repeatable
                0x0000000090010154       0x10 common/command.o
                0x0000000090010154                cmd_never_repeatable
 .text.cmd_discard_repeatable
                0x0000000090010164        0xe common/command.o
                0x0000000090010164                cmd_discard_repeatable
 *fill*         0x0000000090010172        0x2 
 .text.cmd_process
                0x0000000090010174       0xd8 common/command.o
                0x0000000090010174                cmd_process
 .text.cmd_source_script
                0x000000009001024c       0x2a common/command.o
                0x000000009001024c                cmd_source_script
 .text.hex1_bin
                0x0000000090010276       0x2c common/s_record.o
 .text.hex2_bin
                0x00000000900102a2       0x24 common/s_record.o
 *fill*         0x00000000900102c6        0x2 
 .text.srec_decode
                0x00000000900102c8      0x190 common/s_record.o
                0x00000000900102c8                srec_decode
 .text.CYGACC_COMM_IF_GETC_TIMEOUT.isra.0
                0x0000000090010458       0x2e common/xyzModem.o
 .text.xyzModem_flush
                0x0000000090010486       0x14 common/xyzModem.o
 *fill*         0x000000009001049a        0x2 
 .text.xyzModem_get_hdr
                0x000000009001049c      0x170 common/xyzModem.o
 .text.xyzModem_stream_open
                0x000000009001060c      0x1d4 common/xyzModem.o
                0x000000009001060c                xyzModem_stream_open
 .text.xyzModem_stream_read
                0x00000000900107e0      0x204 common/xyzModem.o
                0x00000000900107e0                xyzModem_stream_read
 .text.xyzModem_stream_close
                0x00000000900109e4        0x2 common/xyzModem.o
                0x00000000900109e4                xyzModem_stream_close
 *fill*         0x00000000900109e6        0x2 
 .text.xyzModem_stream_terminate
                0x00000000900109e8       0x68 common/xyzModem.o
                0x00000000900109e8                xyzModem_stream_terminate
 .text.xyzModem_error
                0x0000000090010a50       0x18 common/xyzModem.o
                0x0000000090010a50                xyzModem_error
 .text.part_driver_get_type
                0x0000000090010a68       0x20 disk/part.o
 .text.part_driver_lookup_type
                0x0000000090010a88       0x3c disk/part.o
 .text.part_get_type_by_name
                0x0000000090010ac4       0x2c disk/part.o
                0x0000000090010ac4                part_get_type_by_name
 .text.blk_get_dev
                0x0000000090010af0       0x18 disk/part.o
                0x0000000090010af0                blk_get_dev
 .text.dev_print
                0x0000000090010b08      0x194 disk/part.o
                0x0000000090010b08                dev_print
 .text.part_init
                0x0000000090010c9c       0x5c disk/part.o
                0x0000000090010c9c                part_init
 .text.part_print
                0x0000000090010cf8       0x44 disk/part.o
                0x0000000090010cf8                part_print
 .text.part_get_info_by_type
                0x0000000090010d3c       0x40 disk/part.o
                0x0000000090010d3c                part_get_info_by_type
 .text.part_get_info
                0x0000000090010d7c        0x8 disk/part.o
                0x0000000090010d7c                part_get_info
 .text.part_get_info_whole_disk
                0x0000000090010d84       0x38 disk/part.o
                0x0000000090010d84                part_get_info_whole_disk
 .text.blk_get_device_by_str
                0x0000000090010dbc       0xbc disk/part.o
                0x0000000090010dbc                blk_get_device_by_str
 .text.blk_get_device_part_str
                0x0000000090010e78      0x26c disk/part.o
                0x0000000090010e78                blk_get_device_part_str
 .text.part_get_info_by_name
                0x00000000900110e4       0x56 disk/part.o
                0x00000000900110e4                part_get_info_by_name
 *fill*         0x000000009001113a        0x2 
 .text.part_get_info_by_dev_and_name_or_num
                0x000000009001113c       0x8c disk/part.o
                0x000000009001113c                part_get_info_by_dev_and_name_or_num
 .text.part_set_generic_name
                0x00000000900111c8       0x68 disk/part.o
                0x00000000900111c8                part_set_generic_name
 .text.part_get_bootable
                0x0000000090011230       0x26 disk/part.o
                0x0000000090011230                part_get_bootable
 .text.disk_blk_part_validate
                0x0000000090011256       0x38 disk/disk-uclass.o
 .text.disk_blk_write
                0x000000009001128e       0x36 disk/disk-uclass.o
                0x000000009001128e                disk_blk_write
 .text.disk_blk_erase
                0x00000000900112c4       0x2e disk/disk-uclass.o
                0x00000000900112c4                disk_blk_erase
 .text.disk_blk_read
                0x00000000900112f2       0x36 disk/disk-uclass.o
                0x00000000900112f2                disk_blk_read
 .text.test_block_type
                0x0000000090011328       0x78 disk/part_dos.o
 .text.part_test_dos
                0x00000000900113a0       0x58 disk/part_dos.o
 .text.part_get_info_extended
                0x00000000900113f8      0x204 disk/part_dos.o
 .text.part_get_info_dos
                0x00000000900115fc       0x1a disk/part_dos.o
 *fill*         0x0000000090011616        0x2 
 .text.print_partition_extended
                0x0000000090011618      0x178 disk/part_dos.o
 .text.part_print_dos
                0x0000000090011790       0x20 disk/part_dos.o
 .text.print_efiname
                0x00000000900117b0       0x3c disk/part_efi.o
 .text.part_test_efi
                0x00000000900117ec       0x80 disk/part_efi.o
 .text.prepare_backup_gpt_header
                0x000000009001186c      0x158 disk/part_efi.o
 *fill*         0x00000000900119c4        0x4 
 .text.validate_gpt_header
                0x00000000900119c8      0x160 disk/part_efi.o
 .text.is_gpt_valid
                0x0000000090011b28      0x210 disk/part_efi.o
 .text.write_one_gpt_table
                0x0000000090011d38       0x42 disk/part_efi.o
 .text.is_pte_valid.part.0
                0x0000000090011d7a       0x22 disk/part_efi.o
 .text.find_valid_gpt
                0x0000000090011d9c       0x32 disk/part_efi.o
 *fill*         0x0000000090011dce        0x2 
 .text.part_get_info_efi
                0x0000000090011dd0      0x138 disk/part_efi.o
 .text.partition_entries_offset.isra.0
                0x0000000090011f08       0x44 disk/part_efi.o
 .text.part_print_efi
                0x0000000090011f4c      0x194 disk/part_efi.o
 .text.get_disk_guid
                0x00000000900120e0       0x58 disk/part_efi.o
                0x00000000900120e0                get_disk_guid
 .text.write_gpt_table
                0x0000000090012138      0x1e6 disk/part_efi.o
                0x0000000090012138                write_gpt_table
 *fill*         0x000000009001231e        0x2 
 .text.gpt_fill_pte
                0x0000000090012320      0x248 disk/part_efi.o
                0x0000000090012320                gpt_fill_pte
 .text.gpt_fill_header
                0x0000000090012568      0x166 disk/part_efi.o
                0x0000000090012568                gpt_fill_header
 .text.gpt_restore
                0x00000000900126ce       0xaa disk/part_efi.o
                0x00000000900126ce                gpt_restore
 .text.gpt_verify_headers
                0x0000000090012778       0x86 disk/part_efi.o
                0x0000000090012778                gpt_verify_headers
 .text.gpt_repair_headers
                0x00000000900127fe       0xd8 disk/part_efi.o
                0x00000000900127fe                gpt_repair_headers
 *fill*         0x00000000900128d6        0x2 
 .text.gpt_verify_partitions
                0x00000000900128d8      0x178 disk/part_efi.o
                0x00000000900128d8                gpt_verify_partitions
 .text.blk_post_probe
                0x0000000090012a50       0x98 drivers/block/blk-uclass.o
 .text.blk_get_uclass_name
                0x0000000090012ae8       0x28 drivers/block/blk-uclass.o
                0x0000000090012ae8                blk_get_uclass_name
 .text.blk_get_devnum_by_uclass_idname
                0x0000000090012b10       0x84 drivers/block/blk-uclass.o
                0x0000000090012b10                blk_get_devnum_by_uclass_idname
 .text.blk_select_hwpart
                0x0000000090012b94       0x16 drivers/block/blk-uclass.o
                0x0000000090012b94                blk_select_hwpart
 .text.blk_dselect_hwpart
                0x0000000090012baa        0x6 drivers/block/blk-uclass.o
                0x0000000090012baa                blk_dselect_hwpart
 .text.blk_find_device
                0x0000000090012bb0       0x50 drivers/block/blk-uclass.o
                0x0000000090012bb0                blk_find_device
 .text.blk_get_device
                0x0000000090012c00       0x16 drivers/block/blk-uclass.o
                0x0000000090012c00                blk_get_device
 .text.blk_get_devnum_by_uclass_id
                0x0000000090012c16       0x1a drivers/block/blk-uclass.o
                0x0000000090012c16                blk_get_devnum_by_uclass_id
 .text.blk_select_hwpart_devnum
                0x0000000090012c30       0x18 drivers/block/blk-uclass.o
                0x0000000090012c30                blk_select_hwpart_devnum
 .text.blk_read
                0x0000000090012c48       0x6a drivers/block/blk-uclass.o
                0x0000000090012c48                blk_read
 .text.blk_write
                0x0000000090012cb2       0x40 drivers/block/blk-uclass.o
                0x0000000090012cb2                blk_write
 .text.blk_erase
                0x0000000090012cf2       0x34 drivers/block/blk-uclass.o
                0x0000000090012cf2                blk_erase
 .text.blk_dread
                0x0000000090012d26        0x6 drivers/block/blk-uclass.o
                0x0000000090012d26                blk_dread
 .text.blk_dwrite
                0x0000000090012d2c        0x6 drivers/block/blk-uclass.o
                0x0000000090012d2c                blk_dwrite
 .text.blk_derase
                0x0000000090012d32        0x6 drivers/block/blk-uclass.o
                0x0000000090012d32                blk_derase
 .text.blk_find_max_devnum
                0x0000000090012d38       0x46 drivers/block/blk-uclass.o
                0x0000000090012d38                blk_find_max_devnum
 .text.blk_next_free_devnum
                0x0000000090012d7e       0x18 drivers/block/blk-uclass.o
                0x0000000090012d7e                blk_next_free_devnum
 *fill*         0x0000000090012d96        0x2 
 .text.blk_create_devicef
                0x0000000090012d98      0x11c drivers/block/blk-uclass.o
                0x0000000090012d98                blk_create_devicef
 .text.blkcache_read
                0x0000000090012eb4       0x94 drivers/block/blkcache.o
                0x0000000090012eb4                blkcache_read
 .text.blkcache_fill
                0x0000000090012f48       0xc0 drivers/block/blkcache.o
                0x0000000090012f48                blkcache_fill
 .text.blkcache_invalidate
                0x0000000090013008       0x64 drivers/block/blkcache.o
                0x0000000090013008                blkcache_invalidate
 .text.blkcache_configure
                0x000000009001306c       0x30 drivers/block/blkcache.o
                0x000000009001306c                blkcache_configure
 .text.blkcache_stats
                0x000000009001309c       0x18 drivers/block/blkcache.o
                0x000000009001309c                blkcache_stats
 .text.clk_clean_rate_cache
                0x00000000900130b4       0x30 drivers/clk/clk-uclass.o
 .text.clk_request
                0x00000000900130e4       0x16 drivers/clk/clk-uclass.o
                0x00000000900130e4                clk_request
 .text.clk_get_by_index_tail.isra.0.part.0
                0x00000000900130fa       0x4c drivers/clk/clk-uclass.o
 *fill*         0x0000000090013146        0x2 
 .text.clk_get_by_index_nodev
                0x0000000090013148       0x30 drivers/clk/clk-uclass.o
                0x0000000090013148                clk_get_by_index_nodev
 .text.clk_get_by_index
                0x0000000090013178        0x6 drivers/clk/clk-uclass.o
                0x0000000090013178                clk_get_by_index
 *fill*         0x000000009001317e        0x2 
 .text.clk_get_by_indexed_prop.isra.0
                0x0000000090013180       0x2c drivers/clk/clk-uclass.o
 .text.clk_get_rate
                0x00000000900131ac       0x1c drivers/clk/clk-uclass.o
                0x00000000900131ac                clk_get_rate
 .text.clk_get_parent
                0x00000000900131c8       0x1e drivers/clk/clk-uclass.o
                0x00000000900131c8                clk_get_parent
 .text.clk_set_rate
                0x00000000900131e6       0x50 drivers/clk/clk-uclass.o
                0x00000000900131e6                clk_set_rate
 .text.clk_set_parent
                0x0000000090013236       0x1c drivers/clk/clk-uclass.o
                0x0000000090013236                clk_set_parent
 *fill*         0x0000000090013252        0x2 
 .text.clk_set_defaults
                0x0000000090013254      0x168 drivers/clk/clk-uclass.o
                0x0000000090013254                clk_set_defaults
 .text.clk_uclass_post_probe
                0x00000000900133bc        0xc drivers/clk/clk-uclass.o
                0x00000000900133bc                clk_uclass_post_probe
 .text.clk_enable
                0x00000000900133c8       0x1c drivers/clk/clk-uclass.o
                0x00000000900133c8                clk_enable
 .text.clk_disable
                0x00000000900133e4       0x1c drivers/clk/clk-uclass.o
                0x00000000900133e4                clk_disable
 .text.dummy_enable
                0x0000000090013400        0x4 drivers/clk/clk_fixed_rate.o
 .text.clk_fixed_rate_raw_get_rate
                0x0000000090013404        0x4 drivers/clk/clk_fixed_rate.o
 .text.clk_fixed_rate_get_rate
                0x0000000090013408        0xc drivers/clk/clk_fixed_rate.o
 .text.clk_fixed_rate_ofdata_to_plat_
                0x0000000090013414       0x28 drivers/clk/clk_fixed_rate.o
                0x0000000090013414                clk_fixed_rate_ofdata_to_plat_
 .text.clk_fixed_rate_of_to_plat
                0x000000009001343c       0x14 drivers/clk/clk_fixed_rate.o
 .text.clk_fixed_factor_get_rate
                0x0000000090013450       0x20 drivers/clk/clk_fixed_factor.o
 .text.clk_fixed_factor_of_to_plat
                0x0000000090013470       0x3c drivers/clk/clk_fixed_factor.o
 .text.stm32_get_apb_psc
                0x00000000900134ac       0x44 drivers/clk/stm32/clk-stm32h7.o
 .text.stm32_clk_of_xlate
                0x00000000900134f0       0x1c drivers/clk/stm32/clk-stm32h7.o
 .text.stm32_clk_enable
                0x000000009001350c       0x30 drivers/clk/stm32/clk-stm32h7.o
 .text.stm32_get_rate
                0x000000009001353c       0x7c drivers/clk/stm32/clk-stm32h7.o
 .text.stm32_get_timer_rate.isra.0
                0x00000000900135b8       0x88 drivers/clk/stm32/clk-stm32h7.o
 .text.stm32_clk_get_rate
                0x0000000090013640      0x1c0 drivers/clk/stm32/clk-stm32h7.o
 .text.configure_clocks
                0x0000000090013800      0x114 drivers/clk/stm32/clk-stm32h7.o
                0x0000000090013800                configure_clocks
 .text.stm32_clk_probe
                0x0000000090013914       0x88 drivers/clk/stm32/clk-stm32h7.o
 .text.alloc_priv
                0x000000009001399c       0x38 drivers/core/device.o
 .text.device_bind_common.isra.0
                0x00000000900139d4      0x1f8 drivers/core/device.o
 .text.device_bind_with_driver_data
                0x0000000090013bcc       0x16 drivers/core/device.o
                0x0000000090013bcc                device_bind_with_driver_data
 .text.device_bind
                0x0000000090013be2       0x16 drivers/core/device.o
                0x0000000090013be2                device_bind
 .text.device_bind_by_name
                0x0000000090013bf8       0x44 drivers/core/device.o
                0x0000000090013bf8                device_bind_by_name
 .text.device_of_to_plat
                0x0000000090013c3c       0xaa drivers/core/device.o
                0x0000000090013c3c                device_of_to_plat
 *fill*         0x0000000090013ce6        0x2 
 .text.device_probe
                0x0000000090013ce8      0x11c drivers/core/device.o
                0x0000000090013ce8                device_probe
 .text.dev_get_plat
                0x0000000090013e04        0x6 drivers/core/device.o
                0x0000000090013e04                dev_get_plat
 .text.dev_get_parent_plat
                0x0000000090013e0a        0x6 drivers/core/device.o
                0x0000000090013e0a                dev_get_parent_plat
 .text.dev_get_uclass_plat
                0x0000000090013e10        0x6 drivers/core/device.o
                0x0000000090013e10                dev_get_uclass_plat
 .text.dev_get_priv
                0x0000000090013e16        0x6 drivers/core/device.o
                0x0000000090013e16                dev_get_priv
 .text.dev_get_uclass_priv
                0x0000000090013e1c        0x6 drivers/core/device.o
                0x0000000090013e1c                dev_get_uclass_priv
 .text.dev_get_parent_priv
                0x0000000090013e22        0x6 drivers/core/device.o
                0x0000000090013e22                dev_get_parent_priv
 .text.device_get_decendent_count
                0x0000000090013e28       0x26 drivers/core/device.o
                0x0000000090013e28                device_get_decendent_count
 .text.device_find_first_child_by_uclass
                0x0000000090013e4e       0x32 drivers/core/device.o
                0x0000000090013e4e                device_find_first_child_by_uclass
 .text.device_find_child_by_namelen
                0x0000000090013e80       0x4c drivers/core/device.o
                0x0000000090013e80                device_find_child_by_namelen
 .text.device_find_child_by_name
                0x0000000090013ecc       0x1e drivers/core/device.o
                0x0000000090013ecc                device_find_child_by_name
 .text.dev_get_parent
                0x0000000090013eea        0x4 drivers/core/device.o
                0x0000000090013eea                dev_get_parent
 .text.dev_get_driver_data
                0x0000000090013eee        0x4 drivers/core/device.o
                0x0000000090013eee                dev_get_driver_data
 .text.device_get_uclass_id
                0x0000000090013ef2        0x8 drivers/core/device.o
                0x0000000090013ef2                device_get_uclass_id
 .text.device_set_name_alloced
                0x0000000090013efa        0xa drivers/core/device.o
                0x0000000090013efa                device_set_name_alloced
 .text.dev_set_priv
                0x0000000090013f04        0x4 drivers/core/device.o
                0x0000000090013f04                dev_set_priv
 .text.dev_set_parent_priv
                0x0000000090013f08        0x4 drivers/core/device.o
                0x0000000090013f08                dev_set_parent_priv
 .text.dev_set_uclass_priv
                0x0000000090013f0c        0x4 drivers/core/device.o